Archive member included because of file (symbol)

c:/siliconlabs/simplicitystudio/v3/developer/toolchains/gnu_arm/4.8_2013q4/bin/../lib/gcc/arm-none-eabi/4.8.3/../../../../arm-none-eabi/lib/armv7-m\libm.a(lib_a-w_pow.o)
                              ./src/BME280.o (pow)
c:/siliconlabs/simplicitystudio/v3/developer/toolchains/gnu_arm/4.8_2013q4/bin/../lib/gcc/arm-none-eabi/4.8.3/../../../../arm-none-eabi/lib/armv7-m\libm.a(lib_a-e_pow.o)
                              c:/siliconlabs/simplicitystudio/v3/developer/toolchains/gnu_arm/4.8_2013q4/bin/../lib/gcc/arm-none-eabi/4.8.3/../../../../arm-none-eabi/lib/armv7-m\libm.a(lib_a-w_pow.o) (__ieee754_pow)
c:/siliconlabs/simplicitystudio/v3/developer/toolchains/gnu_arm/4.8_2013q4/bin/../lib/gcc/arm-none-eabi/4.8.3/../../../../arm-none-eabi/lib/armv7-m\libm.a(lib_a-e_sqrt.o)
                              c:/siliconlabs/simplicitystudio/v3/developer/toolchains/gnu_arm/4.8_2013q4/bin/../lib/gcc/arm-none-eabi/4.8.3/../../../../arm-none-eabi/lib/armv7-m\libm.a(lib_a-e_pow.o) (__ieee754_sqrt)
c:/siliconlabs/simplicitystudio/v3/developer/toolchains/gnu_arm/4.8_2013q4/bin/../lib/gcc/arm-none-eabi/4.8.3/../../../../arm-none-eabi/lib/armv7-m\libm.a(lib_a-s_fabs.o)
                              c:/siliconlabs/simplicitystudio/v3/developer/toolchains/gnu_arm/4.8_2013q4/bin/../lib/gcc/arm-none-eabi/4.8.3/../../../../arm-none-eabi/lib/armv7-m\libm.a(lib_a-e_pow.o) (fabs)
c:/siliconlabs/simplicitystudio/v3/developer/toolchains/gnu_arm/4.8_2013q4/bin/../lib/gcc/arm-none-eabi/4.8.3/../../../../arm-none-eabi/lib/armv7-m\libm.a(lib_a-s_finite.o)
                              c:/siliconlabs/simplicitystudio/v3/developer/toolchains/gnu_arm/4.8_2013q4/bin/../lib/gcc/arm-none-eabi/4.8.3/../../../../arm-none-eabi/lib/armv7-m\libm.a(lib_a-w_pow.o) (finite)
c:/siliconlabs/simplicitystudio/v3/developer/toolchains/gnu_arm/4.8_2013q4/bin/../lib/gcc/arm-none-eabi/4.8.3/../../../../arm-none-eabi/lib/armv7-m\libm.a(lib_a-s_fpclassify.o)
                              c:/siliconlabs/simplicitystudio/v3/developer/toolchains/gnu_arm/4.8_2013q4/bin/../lib/gcc/arm-none-eabi/4.8.3/../../../../arm-none-eabi/lib/armv7-m\libm.a(lib_a-w_pow.o) (__fpclassifyd)
c:/siliconlabs/simplicitystudio/v3/developer/toolchains/gnu_arm/4.8_2013q4/bin/../lib/gcc/arm-none-eabi/4.8.3/../../../../arm-none-eabi/lib/armv7-m\libm.a(lib_a-s_lib_ver.o)
                              c:/siliconlabs/simplicitystudio/v3/developer/toolchains/gnu_arm/4.8_2013q4/bin/../lib/gcc/arm-none-eabi/4.8.3/../../../../arm-none-eabi/lib/armv7-m\libm.a(lib_a-w_pow.o) (__fdlib_version)
c:/siliconlabs/simplicitystudio/v3/developer/toolchains/gnu_arm/4.8_2013q4/bin/../lib/gcc/arm-none-eabi/4.8.3/../../../../arm-none-eabi/lib/armv7-m\libm.a(lib_a-s_matherr.o)
                              c:/siliconlabs/simplicitystudio/v3/developer/toolchains/gnu_arm/4.8_2013q4/bin/../lib/gcc/arm-none-eabi/4.8.3/../../../../arm-none-eabi/lib/armv7-m\libm.a(lib_a-w_pow.o) (matherr)
c:/siliconlabs/simplicitystudio/v3/developer/toolchains/gnu_arm/4.8_2013q4/bin/../lib/gcc/arm-none-eabi/4.8.3/../../../../arm-none-eabi/lib/armv7-m\libm.a(lib_a-s_nan.o)
                              c:/siliconlabs/simplicitystudio/v3/developer/toolchains/gnu_arm/4.8_2013q4/bin/../lib/gcc/arm-none-eabi/4.8.3/../../../../arm-none-eabi/lib/armv7-m\libm.a(lib_a-e_pow.o) (nan)
c:/siliconlabs/simplicitystudio/v3/developer/toolchains/gnu_arm/4.8_2013q4/bin/../lib/gcc/arm-none-eabi/4.8.3/../../../../arm-none-eabi/lib/armv7-m\libm.a(lib_a-s_rint.o)
                              c:/siliconlabs/simplicitystudio/v3/developer/toolchains/gnu_arm/4.8_2013q4/bin/../lib/gcc/arm-none-eabi/4.8.3/../../../../arm-none-eabi/lib/armv7-m\libm.a(lib_a-w_pow.o) (rint)
c:/siliconlabs/simplicitystudio/v3/developer/toolchains/gnu_arm/4.8_2013q4/bin/../lib/gcc/arm-none-eabi/4.8.3/../../../../arm-none-eabi/lib/armv7-m\libm.a(lib_a-s_scalbn.o)
                              c:/siliconlabs/simplicitystudio/v3/developer/toolchains/gnu_arm/4.8_2013q4/bin/../lib/gcc/arm-none-eabi/4.8.3/../../../../arm-none-eabi/lib/armv7-m\libm.a(lib_a-e_pow.o) (scalbn)
c:/siliconlabs/simplicitystudio/v3/developer/toolchains/gnu_arm/4.8_2013q4/bin/../lib/gcc/arm-none-eabi/4.8.3/../../../../arm-none-eabi/lib/armv7-m\libm.a(lib_a-s_copysign.o)
                              c:/siliconlabs/simplicitystudio/v3/developer/toolchains/gnu_arm/4.8_2013q4/bin/../lib/gcc/arm-none-eabi/4.8.3/../../../../arm-none-eabi/lib/armv7-m\libm.a(lib_a-s_scalbn.o) (copysign)
c:/siliconlabs/simplicitystudio/v3/developer/toolchains/gnu_arm/4.8_2013q4/bin/../lib/gcc/arm-none-eabi/4.8.3/armv7-m\libgcc.a(_arm_addsubdf3.o)
                              ./src/BME280.o (__aeabi_dsub)
c:/siliconlabs/simplicitystudio/v3/developer/toolchains/gnu_arm/4.8_2013q4/bin/../lib/gcc/arm-none-eabi/4.8.3/armv7-m\libgcc.a(_arm_muldivdf3.o)
                              ./src/BME280.o (__aeabi_dmul)
[...]
Memory Configuration

Name             Origin             Length             Attributes
FLASH            0x00000000         0x00040000         xr
RAM              0x20000000         0x00008000         xrw
*default*        0x00000000         0xffffffff

Linker script and memory map

LOAD c:/siliconlabs/simplicitystudio/v3/developer/toolchains/gnu_arm/4.8_2013q4/bin/../lib/gcc/arm-none-eabi/4.8.3/armv7-m/crti.o
LOAD c:/siliconlabs/simplicitystudio/v3/developer/toolchains/gnu_arm/4.8_2013q4/bin/../lib/gcc/arm-none-eabi/4.8.3/armv7-m/crtbegin.o
LOAD c:/siliconlabs/simplicitystudio/v3/developer/toolchains/gnu_arm/4.8_2013q4/bin/../lib/gcc/arm-none-eabi/4.8.3/../../../../arm-none-eabi/lib/armv7-m/crt0.o
LOAD ./src/BME280.o
LOAD ./src/GPIO.o
LOAD ./src/InitDevice.o
LOAD ./src/LCD.o
LOAD ./src/LETimer.o
LOAD ./src/LSM303C.o
LOAD ./src/acmp.o
LOAD ./src/adc.o
LOAD ./src/calibration.o
LOAD ./src/captouch.o
LOAD ./src/clock.o
LOAD ./src/dma.o
LOAD ./src/dmactrl.o
LOAD ./src/gesture.o
LOAD ./src/i2c.o
LOAD ./src/leuart.o
LOAD ./src/main.o
LOAD ./src/rtc.o
LOAD ./src/segmentlcd.o
LOAD ./src/sleep.o
LOAD ./src/tests.o
LOAD ./emlib/em_acmp.o
LOAD ./emlib/em_adc.o
LOAD ./emlib/em_aes.o
LOAD ./emlib/em_assert.o
LOAD ./emlib/em_burtc.o
LOAD ./emlib/em_cmu.o
LOAD ./emlib/em_cryotimer.o
LOAD ./emlib/em_crypto.o
LOAD ./emlib/em_dac.o
LOAD ./emlib/em_dbg.o
LOAD ./emlib/em_dma.o
LOAD ./emlib/em_ebi.o
LOAD ./emlib/em_emu.o
LOAD ./emlib/em_gpcrc.o
LOAD ./emlib/em_gpio.o
LOAD ./emlib/em_i2c.o
LOAD ./emlib/em_idac.o
LOAD ./emlib/em_int.o
LOAD ./emlib/em_lcd.o
LOAD ./emlib/em_ldma.o
LOAD ./emlib/em_lesense.o
LOAD ./emlib/em_letimer.o
LOAD ./emlib/em_leuart.o
LOAD ./emlib/em_mpu.o
LOAD ./emlib/em_msc.o
LOAD ./emlib/em_opamp.o
LOAD ./emlib/em_pcnt.o
LOAD ./emlib/em_prs.o
LOAD ./emlib/em_rmu.o
LOAD ./emlib/em_rtc.o
LOAD ./emlib/em_rtcc.o
LOAD ./emlib/em_system.o
LOAD ./emlib/em_timer.o
LOAD ./emlib/em_usart.o
LOAD ./emlib/em_vcmp.o
LOAD ./emlib/em_wdog.o
LOAD ./CMSIS/efm32lg/startup_gcc_efm32lg.o
LOAD ./CMSIS/efm32lg/system_efm32lg.o
LOAD c:/siliconlabs/simplicitystudio/v3/developer/toolchains/gnu_arm/4.8_2013q4/bin/../lib/gcc/arm-none-eabi/4.8.3/../../../../arm-none-eabi/lib/armv7-m\libm.a
START GROUP
LOAD c:/siliconlabs/simplicitystudio/v3/developer/toolchains/gnu_arm/4.8_2013q4/bin/../lib/gcc/arm-none-eabi/4.8.3/armv7-m\libgcc.a
LOAD c:/siliconlabs/simplicitystudio/v3/developer/toolchains/gnu_arm/4.8_2013q4/bin/../lib/gcc/arm-none-eabi/4.8.3/../../../../arm-none-eabi/lib/armv7-m\libc_s.a
LOAD c:/siliconlabs/simplicitystudio/v3/developer/toolchains/gnu_arm/4.8_2013q4/bin/../lib/gcc/arm-none-eabi/4.8.3/../../../../arm-none-eabi/lib/armv7-m\libnosys.a
END GROUP
START GROUP
LOAD c:/siliconlabs/simplicitystudio/v3/developer/toolchains/gnu_arm/4.8_2013q4/bin/../lib/gcc/arm-none-eabi/4.8.3/armv7-m\libgcc.a
LOAD c:/siliconlabs/simplicitystudio/v3/developer/toolchains/gnu_arm/4.8_2013q4/bin/../lib/gcc/arm-none-eabi/4.8.3/../../../../arm-none-eabi/lib/armv7-m\libg_s.a
LOAD c:/siliconlabs/simplicitystudio/v3/developer/toolchains/gnu_arm/4.8_2013q4/bin/../lib/gcc/arm-none-eabi/4.8.3/../../../../arm-none-eabi/lib/armv7-m\libc_s.a
END GROUP
START GROUP
LOAD c:/siliconlabs/simplicitystudio/v3/developer/toolchains/gnu_arm/4.8_2013q4/bin/../lib/gcc/arm-none-eabi/4.8.3/armv7-m\libgcc.a
LOAD c:/siliconlabs/simplicitystudio/v3/developer/toolchains/gnu_arm/4.8_2013q4/bin/../lib/gcc/arm-none-eabi/4.8.3/../../../../arm-none-eabi/lib/armv7-m\libc_s.a
END GROUP
LOAD c:/siliconlabs/simplicitystudio/v3/developer/toolchains/gnu_arm/4.8_2013q4/bin/../lib/gcc/arm-none-eabi/4.8.3/armv7-m/crtend.o
LOAD c:/siliconlabs/simplicitystudio/v3/developer/toolchains/gnu_arm/4.8_2013q4/bin/../lib/gcc/arm-none-eabi/4.8.3/armv7-m/crtn.o

.text           0x00000000     0xa15c
 *(.vectors)
 .vectors       0x00000000       0xe0 ./CMSIS/efm32lg/startup_gcc_efm32lg.o
                0x00000000                __Vectors
                0x000000e0                __Vectors_End = .
                0x000000e0                __Vectors_Size = (__Vectors_End - __Vectors)
                0x000000e0                __end__ = .
 *(.text*)
 .text          0x000000e0       0x54 c:/siliconlabs/simplicitystudio/v3/developer/toolchains/gnu_arm/4.8_2013q4/bin/../lib/gcc/arm-none-eabi/4.8.3/armv7-m/crtbegin.o
 .text          0x00000134       0x74 c:/siliconlabs/simplicitystudio/v3/developer/toolchains/gnu_arm/4.8_2013q4/bin/../lib/gcc/arm-none-eabi/4.8.3/../../../../arm-none-eabi/lib/armv7-m/crt0.o
                0x00000134                _start
                0x00000134                _mainCRTStartup
 .text.valueread
                0x000001a8       0x34 ./src/BME280.o
                0x000001a8                valueread
 .text.read_pressure
                0x000001dc      0x3f8 ./src/BME280.o
                0x000001dc                read_pressure
 *fill*         0x000005d4        0x4 
 .text.read_altitude
                0x000005d8       0x90 ./src/BME280.o
                0x000005d8                read_altitude
 .text.read_temperature
                0x00000668       0xc8 ./src/BME280.o
                0x00000668                read_temperature
 .text.read_humidity
                0x00000730       0xd8 ./src/BME280.o
                0x00000730                read_humidity
 .text.writeBME280_settings
                0x00000808       0x7c ./src/BME280.o
                0x00000808                writeBME280_settings
 .text.GPIO_PinOutClear
                0x00000884       0x58 ./src/GPIO.o
 .text.GPIO_PinOutSet
                0x000008dc       0x58 ./src/GPIO.o
 .text.GPIO_PinOutToggle
                0x00000934       0x58 ./src/GPIO.o
 .text.GPIO_Init
                0x0000098c       0xd8 ./src/GPIO.o
                0x0000098c                GPIO_Init
 .text.GPIO_on_off
                0x00000a64       0x54 ./src/GPIO.o
                0x00000a64                GPIO_on_off
 .text.LCD_BlinkEnable
                0x00000ab8       0x38 ./src/LCD.o
 .text.LCD_init_fn
                0x00000af0       0x1c ./src/LCD.o
                0x00000af0                LCD_init_fn
 .text.LCD_write_string
                0x00000b0c       0x2c ./src/LCD.o
                0x00000b0c                LCD_write_string
 .text.NVIC_EnableIRQ
                0x00000b38       0x30 ./src/LETimer.o
 .text.BUS_RegBitRead
                0x00000b68       0x2c ./src/LETimer.o
 .text.GPIO_PinOutGet
                0x00000b94       0x54 ./src/LETimer.o
 .text.INT_Disable
                0x00000be8       0x2c ./src/LETimer.o
 .text.INT_Enable
                0x00000c14       0x3c ./src/LETimer.o
 .text.LETIMER_IntClear
                0x00000c50       0x1c ./src/LETimer.o
 .text.LETIMER_IntEnable
                0x00000c6c       0x20 ./src/LETimer.o
 .text.ADC_Start
                0x00000c8c       0x1c ./src/LETimer.o
 .text.LESENSE_IntClear
                0x00000ca8       0x1c ./src/LETimer.o
 .text.LESENSE_IntGet
                0x00000cc4       0x18 ./src/LETimer.o
 *fill*         0x00000cdc        0x4 
 .text.LETimer0_Init
                0x00000ce0      0x128 ./src/LETimer.o
                0x00000ce0                LETimer0_Init
 .text.LETIMER0_IRQHandler
                0x00000e08      0x10c ./src/LETimer.o
                0x00000e08                LETIMER0_IRQHandler
 .text.DMAtransferComplete
                0x00000f14      0x118 ./src/LETimer.o
                0x00000f14                DMAtransferComplete
 .text.LESENSE_IRQHandler
                0x0000102c      0x210 ./src/LETimer.o
                0x0000102c                LESENSE_IRQHandler
 .text.LSM303C_write_reg
                0x0000123c       0x5c ./src/LSM303C.o
                0x0000123c                LSM303C_write_reg
 .text.LSM303C_read_reg
                0x00001298       0x58 ./src/LSM303C.o
                0x00001298                LSM303C_read_reg
 .text.Mag_set_odr
                0x000012f0       0x34 ./src/LSM303C.o
 .text.Mag_set_fullscale
                0x00001324       0x34 ./src/LSM303C.o
 .text.Mag_set_blockdataupdate
                0x00001358       0x34 ./src/LSM303C.o
 .text.Mag_set_XY_AxOperativeMode
                0x0000138c       0x34 ./src/LSM303C.o
 .text.Mag_set_Z_AxOperativeMode
                0x000013c0       0x34 ./src/LSM303C.o
 .text.Mag_set_mode
                0x000013f4       0x34 ./src/LSM303C.o
 .text.Acc_set_fullScale
                0x00001428       0x34 ./src/LSM303C.o
 .text.Acc_set_blockdataupdate
                0x0000145c       0x34 ./src/LSM303C.o
 .text.Acc_set_enable_axis
                0x00001490       0x34 ./src/LSM303C.o
 .text.Acc_set_odr
                0x000014c4       0x34 ./src/LSM303C.o
 .text.LSM303C_init
                0x000014f8       0x48 ./src/LSM303C.o
                0x000014f8                LSM303C_init
 .text.LSM303C_test
                0x00001540       0x10 ./src/LSM303C.o
                0x00001540                LSM303C_test
 .text.LSM303C_GetAccelData
                0x00001550       0xa4 ./src/LSM303C.o
                0x00001550                LSM303C_GetAccelData
 .text.enable_LSM303C_interrupts
                0x000015f4       0x3c ./src/LSM303C.o
                0x000015f4                enable_LSM303C_interrupts
 .text.ACMP_IntClear
                0x00001630       0x1c ./src/acmp.o
 .text.INT_Disable
                0x0000164c       0x2c ./src/acmp.o
 .text.INT_Enable
                0x00001678       0x3c ./src/acmp.o
 .text.ACMP0_IRQHandler
                0x000016b4       0x1c ./src/acmp.o
                0x000016b4                ACMP0_IRQHandler
 .text.adc_init_fn
                0x000016d0       0xac ./src/adc.o
                0x000016d0                adc_init_fn
 .text.calread  0x0000177c       0x34 ./src/calibration.o
                0x0000177c                calread
 .text.calibrate
                0x000017b0      0x204 ./src/calibration.o
                0x000017b0                calibrate
 .text.NVIC_EnableIRQ
                0x000019b4       0x30 ./src/captouch.o
 .text.SystemCoreClockUpdate
                0x000019e4        0xc ./src/captouch.o
 .text.INT_Disable
                0x000019f0       0x2c ./src/captouch.o
 .text.INT_Enable
                0x00001a1c       0x3c ./src/captouch.o
 .text.LESENSE_ScanResultDataBufferGet
                0x00001a58       0x28 ./src/captouch.o
 .text.LETOUCH_Init
                0x00001a80       0xe0 ./src/captouch.o
                0x00001a80                LETOUCH_Init
 .text.LETOUCH_GetChannelsTouched
                0x00001b60       0x18 ./src/captouch.o
                0x00001b60                LETOUCH_GetChannelsTouched
 .text.LETOUCH_setupCMU
                0x00001b78       0x6c ./src/captouch.o
 .text.LETOUCH_setupACMP
                0x00001be4       0x24 ./src/captouch.o
 .text.LETOUCH_setupLESENSE
                0x00001c08       0x6c ./src/captouch.o
 .text.LETOUCH_setupGPIO
                0x00001c74       0x44 ./src/captouch.o
 .text.LETOUCH_Calibration
                0x00001cb8      0x1b8 ./src/captouch.o
                0x00001cb8                LETOUCH_Calibration
 .text.GetMaxValue
                0x00001e70       0x50 ./src/captouch.o
 .text.GetMinValue
                0x00001ec0       0x54 ./src/captouch.o
 .text.capsense_main
                0x00001f14       0x40 ./src/captouch.o
                0x00001f14                capsense_main
 .text.TIMER_IntClear
                0x00001f54       0x1c ./src/clock.o
 .text.INT_Disable
                0x00001f70       0x2c ./src/clock.o
 .text.INT_Enable
                0x00001f9c       0x3c ./src/clock.o
 .text.Clock_Init
                0x00001fd8       0x74 ./src/clock.o
                0x00001fd8                Clock_Init
 .text.TIMER0_IRQHandler
                0x0000204c       0x1c ./src/clock.o
                0x0000204c                TIMER0_IRQHandler
 .text.convertToCelsius
                0x00002068       0x70 ./src/dma.o
                0x00002068                convertToCelsius
 .text.dma_init_fn
                0x000020d8       0x8c ./src/dma.o
                0x000020d8                dma_init_fn
 .text.NVIC_EnableIRQ
                0x00002164       0x30 ./src/gesture.o
 .text.NVIC_ClearPendingIRQ
                0x00002194       0x34 ./src/gesture.o
 .text.GPIO_IntConfig
                0x000021c8       0x2c ./src/gesture.o
 .text.GPIO_EVEN_IRQHandler
                0x000021f4        0xc ./src/gesture.o
                0x000021f4                GPIO_EVEN_IRQHandler
 .text.gpio_interrupt_enable
                0x00002200       0x28 ./src/gesture.o
                0x00002200                gpio_interrupt_enable
 .text.valueread1
                0x00002228       0x34 ./src/gesture.o
                0x00002228                valueread1
 .text.writeAPDS9960_settings
                0x0000225c      0x530 ./src/gesture.o
                0x0000225c                writeAPDS9960_settings
 .text.decodegesture
                0x0000278c      0x214 ./src/gesture.o
                0x0000278c                decodegesture
 .text.processgesture
                0x000029a0      0x3ac ./src/gesture.o
                0x000029a0                processgesture
 .text.delay    0x00002d4c       0x34 ./src/gesture.o
                0x00002d4c                delay
 .text.readgesture
                0x00002d80      0x1fc ./src/gesture.o
                0x00002d80                readgesture
 .text.I2C_IntClear
                0x00002f7c       0x1c ./src/i2c.o
 .text.i2c_init_fn
                0x00002f98       0xcc ./src/i2c.o
                0x00002f98                i2c_init_fn
 .text.i2c_write
                0x00003064       0x8c ./src/i2c.o
                0x00003064                i2c_write
 .text.i2c_read
                0x000030f0       0x94 ./src/i2c.o
                0x000030f0                i2c_read
 .text.i2c_buffer_fill
                0x00003184       0xe4 ./src/i2c.o
                0x00003184                i2c_buffer_fill
 .text.i2c_buffer_read
                0x00003268       0x18 ./src/i2c.o
                0x00003268                i2c_buffer_read
 .text.NVIC_EnableIRQ
                0x00003280       0x30 ./src/leuart.o
 .text.INT_Disable
                0x000032b0       0x2c ./src/leuart.o
 .text.INT_Enable
                0x000032dc       0x3c ./src/leuart.o
 .text.LEUART_IntClear
                0x00003318       0x1c ./src/leuart.o
 .text.LEUART_IntEnable
                0x00003334       0x20 ./src/leuart.o
 .text.leuart_init_fn
                0x00003354       0x74 ./src/leuart.o
                0x00003354                leuart_init_fn
 .text.leuart_tx_data
                0x000033c8       0x20 ./src/leuart.o
                0x000033c8                leuart_tx_data
 .text.leuart_send
                0x000033e8       0x34 ./src/leuart.o
                0x000033e8                leuart_send
 .text.LEUART0_IRQHandler
                0x0000341c       0x68 ./src/leuart.o
                0x0000341c                LEUART0_IRQHandler
 .text.CHIP_Init
                0x00003484       0x40 ./src/main.o
 .text.main     0x000034c4       0x88 ./src/main.o
                0x000034c4                main
 .text.NVIC_EnableIRQ
                0x0000354c       0x30 ./src/rtc.o
 .text.RTC_IntClear
                0x0000357c       0x1c ./src/rtc.o
 .text.RTC_IntEnable
                0x00003598       0x24 ./src/rtc.o
 .text.INT_Disable
                0x000035bc       0x2c ./src/rtc.o
 .text.INT_Enable
                0x000035e8       0x3c ./src/rtc.o
 .text.RTC_IRQHandler
                0x00003624       0x18 ./src/rtc.o
                0x00003624                RTC_IRQHandler
 .text.LETOUCH_setupRTC
                0x0000363c       0x34 ./src/rtc.o
                0x0000363c                LETOUCH_setupRTC
 .text.LCD_FreezeEnable
                0x00003670       0x2c ./src/segmentlcd.o
 .text.LCD_SyncBusyDelay
                0x0000369c       0x24 ./src/segmentlcd.o
 .text.LCD_IntDisable
                0x000036c0       0x24 ./src/segmentlcd.o
 .text.SegmentLCD_AllOff
                0x000036e4       0xac ./src/segmentlcd.o
                0x000036e4                SegmentLCD_AllOff
 .text.SegmentLCD_AlphaNumberOff
                0x00003790       0xa8 ./src/segmentlcd.o
                0x00003790                SegmentLCD_AlphaNumberOff
 .text.SegmentLCD_Init
                0x00003838       0xb8 ./src/segmentlcd.o
                0x00003838                SegmentLCD_Init
 .text.SegmentLCD_Write
                0x000038f0       0xd8 ./src/segmentlcd.o
                0x000038f0                SegmentLCD_Write
 .text.EMU_EnterEM1
                0x000039c8       0x20 ./src/sleep.o
 .text.INT_Disable
                0x000039e8       0x2c ./src/sleep.o
 .text.INT_Enable
                0x00003a14       0x3c ./src/sleep.o
 .text.sleep    0x00003a50       0x40 ./src/sleep.o
                0x00003a50                sleep
 .text.BlockSleepMode
                0x00003a90       0x2c ./src/sleep.o
                0x00003a90                BlockSleepMode
 .text.UnBlockSleepMode
                0x00003abc       0x38 ./src/sleep.o
                0x00003abc                UnBlockSleepMode
 .text.BUS_RegBitWrite
                0x00003af4       0x2c ./emlib/em_acmp.o
 .text.ACMP_CapsenseInit
                0x00003b20       0x8c ./emlib/em_acmp.o
                0x00003b20                ACMP_CapsenseInit
 .text.ADC_LoadDevinfoCal
                0x00003bac      0x120 ./emlib/em_adc.o
 .text.ADC_Init
                0x00003ccc       0x88 ./emlib/em_adc.o
                0x00003ccc                ADC_Init
 .text.ADC_InitSingle
                0x00003d54       0x98 ./emlib/em_adc.o
                0x00003d54                ADC_InitSingle
 .text.ADC_PrescaleCalc
                0x00003dec       0x64 ./emlib/em_adc.o
                0x00003dec                ADC_PrescaleCalc
 .text.ADC_TimebaseCalc
                0x00003e50       0x60 ./emlib/em_adc.o
                0x00003e50                ADC_TimebaseCalc
 .text.BUS_RegBitWrite
                0x00003eb0       0x2c ./emlib/em_cmu.o
 .text.BUS_RegBitRead
                0x00003edc       0x2c ./emlib/em_cmu.o
 .text.CMU_DivToLog2
                0x00003f08       0x34 ./emlib/em_cmu.o
 .text.SYSTEM_GetProdRev
                0x00003f3c       0x1c ./emlib/em_cmu.o
 .text.SYSTEM_GetFamily
                0x00003f58       0x20 ./emlib/em_cmu.o
 .text.maxFreqHfle
                0x00003f78       0x78 ./emlib/em_cmu.o
 .text.setHfLeConfig
                0x00003ff0       0x3c ./emlib/em_cmu.o
 .text.getHfLeConfig
                0x0000402c       0x2c ./emlib/em_cmu.o
 .text.auxClkGet
                0x00004058       0xb0 ./emlib/em_cmu.o
 .text.dbgClkGet
                0x00004108       0x40 ./emlib/em_cmu.o
 .text.flashWaitStateControl
                0x00004148       0xb8 ./emlib/em_cmu.o
 .text.flashWaitStateMax
                0x00004200       0x14 ./emlib/em_cmu.o
 .text.lfClkGet
                0x00004214       0xec ./emlib/em_cmu.o
 .text.syncReg  0x00004300       0x34 ./emlib/em_cmu.o
 .text.usbCClkGet
                0x00004334       0x4c ./emlib/em_cmu.o
 .text.CMU_ClockDivSet
                0x00004380      0x230 ./emlib/em_cmu.o
                0x00004380                CMU_ClockDivSet
 .text.CMU_ClockEnable
                0x000045b0       0xd8 ./emlib/em_cmu.o
                0x000045b0                CMU_ClockEnable
 .text.CMU_ClockFreqGet
                0x00004688      0x1d8 ./emlib/em_cmu.o
                0x00004688                CMU_ClockFreqGet
 .text.CMU_ClockSelectGet
                0x00004860      0x15c ./emlib/em_cmu.o
                0x00004860                CMU_ClockSelectGet
 .text.CMU_ClockSelectSet
                0x000049bc      0x2b8 ./emlib/em_cmu.o
                0x000049bc                CMU_ClockSelectSet
 .text.CMU_LCDClkFDIVSet
                0x00004c74       0x3c ./emlib/em_cmu.o
                0x00004c74                CMU_LCDClkFDIVSet
 .text.CMU_OscillatorEnable
                0x00004cb0       0xc0 ./emlib/em_cmu.o
                0x00004cb0                CMU_OscillatorEnable
 .text.NVIC_EnableIRQ
                0x00004d70       0x30 ./emlib/em_dma.o
 .text.NVIC_DisableIRQ
                0x00004da0       0x34 ./emlib/em_dma.o
 .text.NVIC_ClearPendingIRQ
                0x00004dd4       0x34 ./emlib/em_dma.o
 .text.BUS_RegBitWrite
                0x00004e08       0x2c ./emlib/em_dma.o
 .text.DMA_Prepare
                0x00004e34      0x108 ./emlib/em_dma.o
 .text.DMA_IRQHandler
                0x00004f3c       0xd8 ./emlib/em_dma.o
                0x00004f3c                DMA_IRQHandler
 .text.DMA_ActivateBasic
                0x00005014       0x40 ./emlib/em_dma.o
                0x00005014                DMA_ActivateBasic
 .text.DMA_CfgChannel
                0x00005054       0x90 ./emlib/em_dma.o
                0x00005054                DMA_CfgChannel
 .text.DMA_CfgDescr
                0x000050e4       0x70 ./emlib/em_dma.o
                0x000050e4                DMA_CfgDescr
 .text.DMA_Init
                0x00005154       0x54 ./emlib/em_dma.o
                0x00005154                DMA_Init
 .text.DMA_Reset
                0x000051a8       0x88 ./emlib/em_dma.o
                0x000051a8                DMA_Reset
 .text.SystemCoreClockUpdate
                0x00005230        0xc ./emlib/em_emu.o
 .text.CMU_Lock
                0x0000523c       0x18 ./emlib/em_emu.o
 .text.CMU_Unlock
                0x00005254       0x1c ./emlib/em_emu.o
 .text.emuRestore
                0x00005270       0xf0 ./emlib/em_emu.o
 .text.getErrataFixEmuE107En
                0x00005360       0x68 ./emlib/em_emu.o
 .text.EMU_EnterEM2
                0x000053c8       0x9c ./emlib/em_emu.o
                0x000053c8                EMU_EnterEM2
 .text.EMU_EnterEM3
                0x00005464       0xbc ./emlib/em_emu.o
                0x00005464                EMU_EnterEM3
 .text.EMU_UpdateOscConfig
                0x00005520       0x1c ./emlib/em_emu.o
                0x00005520                EMU_UpdateOscConfig
 .text.BUS_RegBitWrite
                0x0000553c       0x2c ./emlib/em_gpio.o
 .text.BUS_RegMaskedWrite
                0x00005568       0x28 ./emlib/em_gpio.o
 .text.GPIO_PinOutClear
                0x00005590       0x58 ./emlib/em_gpio.o
 .text.GPIO_PinOutSet
                0x000055e8       0x58 ./emlib/em_gpio.o
 .text.GPIO_DriveModeSet
                0x00005640       0x70 ./emlib/em_gpio.o
                0x00005640                GPIO_DriveModeSet
 .text.GPIO_ExtIntConfig
                0x000056b0       0xcc ./emlib/em_gpio.o
                0x000056b0                GPIO_ExtIntConfig
 .text.GPIO_PinModeSet
                0x0000577c      0x110 ./emlib/em_gpio.o
                0x0000577c                GPIO_PinModeSet
 .text.BUS_RegBitWrite
                0x0000588c       0x2c ./emlib/em_i2c.o
 .text.BUS_RegMaskedWrite
                0x000058b8       0x28 ./emlib/em_i2c.o
 .text.I2C_BusFreqSet
                0x000058e0       0xfc ./emlib/em_i2c.o
                0x000058e0                I2C_BusFreqSet
 .text.I2C_Init
                0x000059dc       0x78 ./emlib/em_i2c.o
                0x000059dc                I2C_Init
 .text.I2C_Transfer
                0x00005a54      0x44c ./emlib/em_i2c.o
                0x00005a54                I2C_Transfer
 .text.I2C_TransferInit
                0x00005ea0       0xe4 ./emlib/em_i2c.o
                0x00005ea0                I2C_TransferInit
 .text.LCD_Enable
                0x00005f84       0x38 ./emlib/em_lcd.o
 .text.LCD_AnimEnable
                0x00005fbc       0x38 ./emlib/em_lcd.o
 .text.LCD_FrameCountEnable
                0x00005ff4       0x38 ./emlib/em_lcd.o
 .text.BUS_RegBitWrite
                0x0000602c       0x2c ./emlib/em_lcd.o
 .text.LCD_Init
                0x00006058       0x70 ./emlib/em_lcd.o
                0x00006058                LCD_Init
 .text.LCD_VLCDSelect
                0x000060c8       0x44 ./emlib/em_lcd.o
                0x000060c8                LCD_VLCDSelect
 .text.LCD_FrameCountInit
                0x0000610c       0x48 ./emlib/em_lcd.o
                0x0000610c                LCD_FrameCountInit
 .text.LCD_AnimInit
                0x00006154       0x84 ./emlib/em_lcd.o
                0x00006154                LCD_AnimInit
 .text.LCD_SegmentRangeEnable
                0x000061d8       0x40 ./emlib/em_lcd.o
                0x000061d8                LCD_SegmentRangeEnable
 .text.LCD_SegmentSet
                0x00006218      0x1e4 ./emlib/em_lcd.o
                0x00006218                LCD_SegmentSet
 .text.LCD_SegmentSetLow
                0x000063fc      0x17c ./emlib/em_lcd.o
                0x000063fc                LCD_SegmentSetLow
 .text.LCD_SegmentSetHigh
                0x00006578      0x17c ./emlib/em_lcd.o
                0x00006578                LCD_SegmentSetHigh
 .text.LCD_ContrastSet
                0x000066f4       0x28 ./emlib/em_lcd.o
                0x000066f4                LCD_ContrastSet
 .text.LCD_VBoostSet
                0x0000671c       0x28 ./emlib/em_lcd.o
                0x0000671c                LCD_VBoostSet
 .text.BUS_RegBitWrite
                0x00006744       0x2c ./emlib/em_lesense.o
 .text.LESENSE_Init
                0x00006770      0x168 ./emlib/em_lesense.o
                0x00006770                LESENSE_Init
 .text.LESENSE_ScanFreqSet
                0x000068d8       0xbc ./emlib/em_lesense.o
                0x000068d8                LESENSE_ScanFreqSet
 .text.LESENSE_ScanModeSet
                0x00006994       0x3c ./emlib/em_lesense.o
                0x00006994                LESENSE_ScanModeSet
 .text.LESENSE_StartDelaySet
                0x000069d0       0x34 ./emlib/em_lesense.o
                0x000069d0                LESENSE_StartDelaySet
 .text.LESENSE_ClkDivSet
                0x00006a04       0x60 ./emlib/em_lesense.o
                0x00006a04                LESENSE_ClkDivSet
 .text.LESENSE_ChannelConfig
                0x00006a64      0x168 ./emlib/em_lesense.o
                0x00006a64                LESENSE_ChannelConfig
 .text.LESENSE_ChannelTimingSet
                0x00006bcc       0x38 ./emlib/em_lesense.o
                0x00006bcc                LESENSE_ChannelTimingSet
 .text.LESENSE_ChannelThresSet
                0x00006c04       0x78 ./emlib/em_lesense.o
                0x00006c04                LESENSE_ChannelThresSet
 .text.LESENSE_DecoderStateSet
                0x00006c7c       0x20 ./emlib/em_lesense.o
                0x00006c7c                LESENSE_DecoderStateSet
 .text.LESENSE_ScanStart
                0x00006c9c       0x34 ./emlib/em_lesense.o
                0x00006c9c                LESENSE_ScanStart
 .text.LESENSE_Reset
                0x00006cd0       0xec ./emlib/em_lesense.o
                0x00006cd0                LESENSE_Reset
 .text.LETIMER_CompareSet
                0x00006dbc       0x58 ./emlib/em_letimer.o
                0x00006dbc                LETIMER_CompareSet
 .text.LETIMER_Enable
                0x00006e14       0x2c ./emlib/em_letimer.o
                0x00006e14                LETIMER_Enable
 .text.LETIMER_Init
                0x00006e40       0xec ./emlib/em_letimer.o
                0x00006e40                LETIMER_Init
 .text.LEUART_Sync
                0x00006f2c       0x30 ./emlib/em_leuart.o
 .text.LEUART_BaudrateSet
                0x00006f5c       0x80 ./emlib/em_leuart.o
                0x00006f5c                LEUART_BaudrateSet
 .text.LEUART_FreezeEnable
                0x00006fdc       0x34 ./emlib/em_leuart.o
                0x00006fdc                LEUART_FreezeEnable
 .text.LEUART_Init
                0x00007010       0x84 ./emlib/em_leuart.o
                0x00007010                LEUART_Init
 .text.LEUART_Reset
                0x00007094       0x70 ./emlib/em_leuart.o
                0x00007094                LEUART_Reset
 .text.LEUART_Tx
                0x00007104       0x30 ./emlib/em_leuart.o
                0x00007104                LEUART_Tx
 .text.BUS_RegBitWrite
                0x00007134       0x2c ./emlib/em_rtc.o
 .text.RTC_CompareSet
                0x00007160       0x4c ./emlib/em_rtc.o
                0x00007160                RTC_CompareSet
 .text.RTC_Enable
                0x000071ac       0x20 ./emlib/em_rtc.o
                0x000071ac                RTC_Enable
 .text.RTC_Init
                0x000071cc       0x50 ./emlib/em_rtc.o
                0x000071cc                RTC_Init
 .text.RTC_CounterReset
                0x0000721c       0x14 ./emlib/em_rtc.o
                0x0000721c                RTC_CounterReset
 .text.SYSTEM_ChipRevisionGet
                0x00007230       0x74 ./emlib/em_system.o
                0x00007230                SYSTEM_ChipRevisionGet
 .text          0x000072a4       0x30 ./CMSIS/efm32lg/startup_gcc_efm32lg.o
                0x000072a4                Reset_Handler
                0x000072d0                DebugMon_Handler
                0x000072d0                USART0_TX_IRQHandler
                0x000072d0                I2C0_IRQHandler
                0x000072d0                HardFault_Handler
                0x000072d0                LEUART1_IRQHandler
                0x000072d0                SysTick_Handler
                0x000072d0                USART1_RX_IRQHandler
                0x000072d0                PendSV_Handler
                0x000072d0                NMI_Handler
                0x000072d0                I2C1_IRQHandler
                0x000072d0                TIMER3_IRQHandler
                0x000072d0                USART1_TX_IRQHandler
                0x000072d0                MSC_IRQHandler
                0x000072d0                ADC0_IRQHandler
                0x000072d0                UsageFault_Handler
                0x000072d0                UART0_TX_IRQHandler
                0x000072d0                UART1_TX_IRQHandler
                0x000072d0                TIMER2_IRQHandler
                0x000072d0                LCD_IRQHandler
                0x000072d0                PCNT2_IRQHandler
                0x000072d0                UART0_RX_IRQHandler
                0x000072d0                TIMER1_IRQHandler
                0x000072d0                USART2_RX_IRQHandler
                0x000072d0                Default_Handler
                0x000072d0                EMU_IRQHandler
                0x000072d0                PCNT0_IRQHandler
                0x000072d0                USB_IRQHandler
                0x000072d0                BURTC_IRQHandler
                0x000072d0                PCNT1_IRQHandler
                0x000072d0                USART0_RX_IRQHandler
                0x000072d0                MemManage_Handler
                0x000072d0                SVC_Handler
                0x000072d0                DAC0_IRQHandler
                0x000072d0                UART1_RX_IRQHandler
                0x000072d0                CMU_IRQHandler
                0x000072d0                EBI_IRQHandler
                0x000072d0                GPIO_ODD_IRQHandler
                0x000072d0                AES_IRQHandler
                0x000072d0                VCMP_IRQHandler
                0x000072d0                BusFault_Handler
                0x000072d0                USART2_TX_IRQHandler
 .text.GetProdRev
                0x000072d4       0x1c ./CMSIS/efm32lg/system_efm32lg.o
 .text.SystemCoreClockGet
                0x000072f0       0x34 ./CMSIS/efm32lg/system_efm32lg.o
                0x000072f0                SystemCoreClockGet
 .text.SystemMaxCoreClockGet
                0x00007324       0x14 ./CMSIS/efm32lg/system_efm32lg.o
                0x00007324                SystemMaxCoreClockGet
 .text.SystemHFClockGet
                0x00007338      0x100 ./CMSIS/efm32lg/system_efm32lg.o
                0x00007338                SystemHFClockGet
 .text.SystemHFXOClockGet
                0x00007438       0x18 ./CMSIS/efm32lg/system_efm32lg.o
                0x00007438                SystemHFXOClockGet
 .text.SystemInit
                0x00007450        0xc ./CMSIS/efm32lg/system_efm32lg.o
                0x00007450                SystemInit
 .text.SystemLFRCOClockGet
                0x0000745c       0x14 ./CMSIS/efm32lg/system_efm32lg.o
                0x0000745c                SystemLFRCOClockGet
 .text.SystemULFRCOClockGet
                0x00007470       0x14 ./CMSIS/efm32lg/system_efm32lg.o
                0x00007470                SystemULFRCOClockGet
 .text.SystemLFXOClockGet
                0x00007484       0x18 ./CMSIS/efm32lg/system_efm32lg.o
                0x00007484                SystemLFXOClockGet
 .text.pow      0x0000749c      0x2f8 c:/siliconlabs/simplicitystudio/v3/developer/toolchains/gnu_arm/4.8_2013q4/bin/../lib/gcc/arm-none-eabi/4.8.3/../../../../arm-none-eabi/lib/armv7-m\libm.a(lib_a-w_pow.o)
                0x0000749c                pow
 *fill*         0x00007794        0x4 
 .text.__ieee754_pow
                0x00007798      0xab8 c:/siliconlabs/simplicitystudio/v3/developer/toolchains/gnu_arm/4.8_2013q4/bin/../lib/gcc/arm-none-eabi/4.8.3/../../../../arm-none-eabi/lib/armv7-m\libm.a(lib_a-e_pow.o)
                0x00007798                __ieee754_pow
 .text.__ieee754_sqrt
                0x00008250      0x180 c:/siliconlabs/simplicitystudio/v3/developer/toolchains/gnu_arm/4.8_2013q4/bin/../lib/gcc/arm-none-eabi/4.8.3/../../../../arm-none-eabi/lib/armv7-m\libm.a(lib_a-e_sqrt.o)
                0x00008250                __ieee754_sqrt
 .text.fabs     0x000083d0        0x8 c:/siliconlabs/simplicitystudio/v3/developer/toolchains/gnu_arm/4.8_2013q4/bin/../lib/gcc/arm-none-eabi/4.8.3/../../../../arm-none-eabi/lib/armv7-m\libm.a(lib_a-s_fabs.o)
                0x000083d0                fabs
 .text.finite   0x000083d8        0xc c:/siliconlabs/simplicitystudio/v3/developer/toolchains/gnu_arm/4.8_2013q4/bin/../lib/gcc/arm-none-eabi/4.8.3/../../../../arm-none-eabi/lib/armv7-m\libm.a(lib_a-s_finite.o)
                0x000083d8                finite
 .text.__fpclassifyd
                0x000083e4       0x50 c:/siliconlabs/simplicitystudio/v3/developer/toolchains/gnu_arm/4.8_2013q4/bin/../lib/gcc/arm-none-eabi/4.8.3/../../../../arm-none-eabi/lib/armv7-m\libm.a(lib_a-s_fpclassify.o)
                0x000083e4                __fpclassifyd
 .text.matherr  0x00008434        0x4 c:/siliconlabs/simplicitystudio/v3/developer/toolchains/gnu_arm/4.8_2013q4/bin/../lib/gcc/arm-none-eabi/4.8.3/../../../../arm-none-eabi/lib/armv7-m\libm.a(lib_a-s_matherr.o)
                0x00008434                matherr
 .text.nan      0x00008438        0xc c:/siliconlabs/simplicitystudio/v3/developer/toolchains/gnu_arm/4.8_2013q4/bin/../lib/gcc/arm-none-eabi/4.8.3/../../../../arm-none-eabi/lib/armv7-m\libm.a(lib_a-s_nan.o)
                0x00008438                nan
 .text.rint     0x00008444      0x118 c:/siliconlabs/simplicitystudio/v3/developer/toolchains/gnu_arm/4.8_2013q4/bin/../lib/gcc/arm-none-eabi/4.8.3/../../../../arm-none-eabi/lib/armv7-m\libm.a(lib_a-s_rint.o)
                0x00008444                rint
 *fill*         0x0000855c        0x4 
 .text.scalbn   0x00008560      0x100 c:/siliconlabs/simplicitystudio/v3/developer/toolchains/gnu_arm/4.8_2013q4/bin/../lib/gcc/arm-none-eabi/4.8.3/../../../../arm-none-eabi/lib/armv7-m\libm.a(lib_a-s_scalbn.o)
                0x00008560                scalbn
 .text.copysign
                0x00008660       0x14 c:/siliconlabs/simplicitystudio/v3/developer/toolchains/gnu_arm/4.8_2013q4/bin/../lib/gcc/arm-none-eabi/4.8.3/../../../../arm-none-eabi/lib/armv7-m\libm.a(lib_a-s_copysign.o)
                0x00008660                copysign
 .text          0x00008674      0x370 c:/siliconlabs/simplicitystudio/v3/developer/toolchains/gnu_arm/4.8_2013q4/bin/../lib/gcc/arm-none-eabi/4.8.3/armv7-m\libgcc.a(_arm_addsubdf3.o)
                0x00008674                __aeabi_drsub
                0x0000867c                __aeabi_dsub
                0x0000867c                __subdf3
                0x00008680                __aeabi_dadd
                0x00008680                __adddf3
                0x000088f8                __floatunsidf
                0x000088f8                __aeabi_ui2d
                0x00008918                __floatsidf
                0x00008918                __aeabi_i2d
                0x0000893c                __aeabi_f2d
                0x0000893c                __extendsfdf2
                0x00008978                __floatundidf
                0x00008978                __aeabi_ul2d
                0x00008988                __floatdidf
                0x00008988                __aeabi_l2d
 .text          0x000089e4      0x424 c:/siliconlabs/simplicitystudio/v3/developer/toolchains/gnu_arm/4.8_2013q4/bin/../lib/gcc/arm-none-eabi/4.8.3/armv7-m\libgcc.a(_arm_muldivdf3.o)
                0x000089e4                __aeabi_dmul
                0x000089e4                __muldf3
                0x00008c38                __divdf3
                0x00008c38                __aeabi_ddiv
 .text          0x00008e08      0x110 c:/siliconlabs/simplicitystudio/v3/developer/toolchains/gnu_arm/4.8_2013q4/bin/../lib/gcc/arm-none-eabi/4.8.3/armv7-m\libgcc.a(_arm_cmpdf2.o)
                0x00008e08                __gtdf2
                0x00008e08                __gedf2
                0x00008e10                __ltdf2
                0x00008e10                __ledf2
                0x00008e18                __nedf2
                0x00008e18                __eqdf2
                0x00008e18                __cmpdf2
                0x00008e94                __aeabi_cdrcmple
                0x00008ea4                __aeabi_cdcmpeq
                0x00008ea4                __aeabi_cdcmple
                0x00008eb4                __aeabi_dcmpeq
                0x00008ec8                __aeabi_dcmplt
                0x00008edc                __aeabi_dcmple
                0x00008ef0                __aeabi_dcmpge
                0x00008f04                __aeabi_dcmpgt
 .text          0x00008f18       0x50 c:/siliconlabs/simplicitystudio/v3/developer/toolchains/gnu_arm/4.8_2013q4/bin/../lib/gcc/arm-none-eabi/4.8.3/armv7-m\libgcc.a(_arm_fixdfsi.o)
                0x00008f18                __aeabi_d2iz
                0x00008f18                __fixdfsi
 .text          0x00008f68       0x40 c:/siliconlabs/simplicitystudio/v3/developer/toolchains/gnu_arm/4.8_2013q4/bin/../lib/gcc/arm-none-eabi/4.8.3/armv7-m\libgcc.a(_arm_fixunsdfsi.o)
                0x00008f68                __aeabi_d2uiz
                0x00008f68                __fixunsdfsi
 .text          0x00008fa8       0xa0 c:/siliconlabs/simplicitystudio/v3/developer/toolchains/gnu_arm/4.8_2013q4/bin/../lib/gcc/arm-none-eabi/4.8.3/armv7-m\libgcc.a(_arm_truncdfsf2.o)
                0x00008fa8                __truncdfsf2
                0x00008fa8                __aeabi_d2f
 .text          0x00009048      0x21c c:/siliconlabs/simplicitystudio/v3/developer/toolchains/gnu_arm/4.8_2013q4/bin/../lib/gcc/arm-none-eabi/4.8.3/armv7-m\libgcc.a(_arm_addsubsf3.o)
                0x00009048                __aeabi_frsub
                0x00009050                __subsf3
                0x00009050                __aeabi_fsub
                0x00009054                __aeabi_fadd
                0x00009054                __addsf3
                0x000091b4                __aeabi_ui2f
                0x000091b4                __floatunsisf
                0x000091bc                __aeabi_i2f
                0x000091bc                __floatsisf
                0x000091d8                __aeabi_ul2f
                0x000091d8                __floatundisf
                0x000091e8                __aeabi_l2f
                0x000091e8                __floatdisf
 .text          0x00009264      0x2a0 c:/siliconlabs/simplicitystudio/v3/developer/toolchains/gnu_arm/4.8_2013q4/bin/../lib/gcc/arm-none-eabi/4.8.3/armv7-m\libgcc.a(_arm_muldivsf3.o)
                0x00009264                __mulsf3
                0x00009264                __aeabi_fmul
                0x000093cc                __aeabi_fdiv
                0x000093cc                __divsf3
 .text          0x00009504       0xec c:/siliconlabs/simplicitystudio/v3/developer/toolchains/gnu_arm/4.8_2013q4/bin/../lib/gcc/arm-none-eabi/4.8.3/armv7-m\libgcc.a(_arm_cmpsf2.o)
                0x00009504                __gesf2
                0x00009504                __gtsf2
                0x0000950c                __lesf2
                0x0000950c                __ltsf2
                0x00009514                __nesf2
                0x00009514                __eqsf2
                0x00009514                __cmpsf2
                0x00009574                __aeabi_cfrcmple
                0x0000957c                __aeabi_cfcmpeq
                0x0000957c                __aeabi_cfcmple
                0x0000958c                __aeabi_fcmpeq
                0x000095a0                __aeabi_fcmplt
                0x000095b4                __aeabi_fcmple
                0x000095c8                __aeabi_fcmpge
                0x000095dc                __aeabi_fcmpgt
 .text          0x000095f0       0x4c c:/siliconlabs/simplicitystudio/v3/developer/toolchains/gnu_arm/4.8_2013q4/bin/../lib/gcc/arm-none-eabi/4.8.3/armv7-m\libgcc.a(_arm_fixsfsi.o)
                0x000095f0                __aeabi_f2iz
                0x000095f0                __fixsfsi
 .text          0x0000963c       0x40 c:/siliconlabs/simplicitystudio/v3/developer/toolchains/gnu_arm/4.8_2013q4/bin/../lib/gcc/arm-none-eabi/4.8.3/armv7-m\libgcc.a(_arm_fixunssfsi.o)
                0x0000963c                __fixunssfsi
                0x0000963c                __aeabi_f2uiz
 .text          0x0000967c       0x38 c:/siliconlabs/simplicitystudio/v3/developer/toolchains/gnu_arm/4.8_2013q4/bin/../lib/gcc/arm-none-eabi/4.8.3/armv7-m\libgcc.a(_aeabi_ldivmod.o)
                0x0000967c                __aeabi_ldivmod
 .text          0x000096b4       0x60 c:/siliconlabs/simplicitystudio/v3/developer/toolchains/gnu_arm/4.8_2013q4/bin/../lib/gcc/arm-none-eabi/4.8.3/armv7-m\libgcc.a(bpabi.o)
                0x000096b4                __gnu_ldivmod_helper
                0x000096e4                __gnu_uldivmod_helper
 .text          0x00009714        0x4 c:/siliconlabs/simplicitystudio/v3/developer/toolchains/gnu_arm/4.8_2013q4/bin/../lib/gcc/arm-none-eabi/4.8.3/armv7-m\libgcc.a(_dvmd_tls.o)
                0x00009714                __aeabi_idiv0
                0x00009714                __aeabi_ldiv0
 .text          0x00009718      0x2a0 c:/siliconlabs/simplicitystudio/v3/developer/toolchains/gnu_arm/4.8_2013q4/bin/../lib/gcc/arm-none-eabi/4.8.3/armv7-m\libgcc.a(_divdi3.o)
                0x00009718                __divdi3
 .text          0x000099b8      0x290 c:/siliconlabs/simplicitystudio/v3/developer/toolchains/gnu_arm/4.8_2013q4/bin/../lib/gcc/arm-none-eabi/4.8.3/armv7-m\libgcc.a(_udivdi3.o)
                0x000099b8                __udivdi3
 .text.abs      0x00009c48        0x8 c:/siliconlabs/simplicitystudio/v3/developer/toolchains/gnu_arm/4.8_2013q4/bin/../lib/gcc/arm-none-eabi/4.8.3/../../../../arm-none-eabi/lib/armv7-m\libc_s.a(lib_a-abs.o)
                0x00009c48                abs
 .text.__errno  0x00009c50        0xc c:/siliconlabs/simplicitystudio/v3/developer/toolchains/gnu_arm/4.8_2013q4/bin/../lib/gcc/arm-none-eabi/4.8.3/../../../../arm-none-eabi/lib/armv7-m\libc_s.a(lib_a-errno.o)
                0x00009c50                __errno
 .text.exit     0x00009c5c       0x28 c:/siliconlabs/simplicitystudio/v3/developer/toolchains/gnu_arm/4.8_2013q4/bin/../lib/gcc/arm-none-eabi/4.8.3/../../../../arm-none-eabi/lib/armv7-m\libc_s.a(lib_a-exit.o)
                0x00009c5c                exit
 .text.__libc_init_array
                0x00009c84       0x4c c:/siliconlabs/simplicitystudio/v3/developer/toolchains/gnu_arm/4.8_2013q4/bin/../lib/gcc/arm-none-eabi/4.8.3/../../../../arm-none-eabi/lib/armv7-m\libc_s.a(lib_a-init.o)
                0x00009c84                __libc_init_array
 .text.memset   0x00009cd0       0x10 c:/siliconlabs/simplicitystudio/v3/developer/toolchains/gnu_arm/4.8_2013q4/bin/../lib/gcc/arm-none-eabi/4.8.3/../../../../arm-none-eabi/lib/armv7-m\libc_s.a(lib_a-memset.o)
                0x00009cd0                memset
 .text.strlen   0x00009ce0       0x10 c:/siliconlabs/simplicitystudio/v3/developer/toolchains/gnu_arm/4.8_2013q4/bin/../lib/gcc/arm-none-eabi/4.8.3/../../../../arm-none-eabi/lib/armv7-m\libc_s.a(lib_a-strlen.o)
                0x00009ce0                strlen
 .text._exit    0x00009cf0        0x4 c:/siliconlabs/simplicitystudio/v3/developer/toolchains/gnu_arm/4.8_2013q4/bin/../lib/gcc/arm-none-eabi/4.8.3/../../../../arm-none-eabi/lib/armv7-m\libnosys.a(_exit.o)
                0x00009cf0                _exit
 *(.init)
 .init          0x00009cf4        0x4 c:/siliconlabs/simplicitystudio/v3/developer/toolchains/gnu_arm/4.8_2013q4/bin/../lib/gcc/arm-none-eabi/4.8.3/armv7-m/crti.o
                0x00009cf4                _init
 .init          0x00009cf8        0x8 c:/siliconlabs/simplicitystudio/v3/developer/toolchains/gnu_arm/4.8_2013q4/bin/../lib/gcc/arm-none-eabi/4.8.3/armv7-m/crtn.o
 *(.fini)
 .fini          0x00009d00        0x4 c:/siliconlabs/simplicitystudio/v3/developer/toolchains/gnu_arm/4.8_2013q4/bin/../lib/gcc/arm-none-eabi/4.8.3/armv7-m/crti.o
                0x00009d00                _fini
 .fini          0x00009d04        0x8 c:/siliconlabs/simplicitystudio/v3/developer/toolchains/gnu_arm/4.8_2013q4/bin/../lib/gcc/arm-none-eabi/4.8.3/armv7-m/crtn.o
 *crtbegin.o(.ctors)
 *crtbegin?.o(.ctors)
 *(EXCLUDE_FILE(*crtend.o *crtend?.o) .ctors)
 *(SORT(.ctors.*))
 *(.ctors)
 *crtbegin.o(.dtors)
 *crtbegin?.o(.dtors)
 *(EXCLUDE_FILE(*crtend.o *crtend?.o) .dtors)
 *(SORT(.dtors.*))
 *(.dtors)
 *(.rodata*)
 .rodata.animInit.5786
                0x00009d0c       0x18 ./src/LCD.o
 .rodata.fcInit.5787
                0x00009d24        0xc ./src/LCD.o
 .rodata        0x00009d30       0x10 ./src/LETimer.o
 .rodata        0x00009d40       0x40 ./src/captouch.o
 .rodata.acmpInit.6121
                0x00009d80       0x14 ./src/captouch.o
 .rodata.initLesense.6126
                0x00009d94       0x40 ./src/captouch.o
 .rodata.initLesenseCh.6127
                0x00009dd4       0x20 ./src/captouch.o
 .rodata        0x00009df4       0x28 ./src/gesture.o
 .rodata        0x00009e1c       0x10 ./src/leuart.o
 .rodata.rtcInit.5962
                0x00009e2c        0x4 ./src/rtc.o
 .rodata.EFM_Display
                0x00009e30      0x200 ./src/segmentlcd.o
 .rodata.EFM_Alphabet
                0x0000a030       0xb8 ./src/segmentlcd.o
 .rodata.lcdInit
                0x0000a0e8       0x14 ./src/segmentlcd.o
 .rodata.i2cNSum
                0x0000a0fc        0x4 ./emlib/em_i2c.o
 .rodata.str1.4
                0x0000a100        0x4 c:/siliconlabs/simplicitystudio/v3/developer/toolchains/gnu_arm/4.8_2013q4/bin/../lib/gcc/arm-none-eabi/4.8.3/../../../../arm-none-eabi/lib/armv7-m\libm.a(lib_a-w_pow.o)
 *fill*         0x0000a104        0x4 
 .rodata.dp_h   0x0000a108       0x10 c:/siliconlabs/simplicitystudio/v3/developer/toolchains/gnu_arm/4.8_2013q4/bin/../lib/gcc/arm-none-eabi/4.8.3/../../../../arm-none-eabi/lib/armv7-m\libm.a(lib_a-e_pow.o)
 .rodata.dp_l   0x0000a118       0x10 c:/siliconlabs/simplicitystudio/v3/developer/toolchains/gnu_arm/4.8_2013q4/bin/../lib/gcc/arm-none-eabi/4.8.3/../../../../arm-none-eabi/lib/armv7-m\libm.a(lib_a-e_pow.o)
 .rodata.bp     0x0000a128       0x10 c:/siliconlabs/simplicitystudio/v3/developer/toolchains/gnu_arm/4.8_2013q4/bin/../lib/gcc/arm-none-eabi/4.8.3/../../../../arm-none-eabi/lib/armv7-m\libm.a(lib_a-e_pow.o)
 .rodata.str1.4
                0x0000a138        0x4 c:/siliconlabs/simplicitystudio/v3/developer/toolchains/gnu_arm/4.8_2013q4/bin/../lib/gcc/arm-none-eabi/4.8.3/../../../../arm-none-eabi/lib/armv7-m\libm.a(lib_a-e_pow.o)
 *fill*         0x0000a13c        0x4 
 .rodata.TWO52  0x0000a140       0x10 c:/siliconlabs/simplicitystudio/v3/developer/toolchains/gnu_arm/4.8_2013q4/bin/../lib/gcc/arm-none-eabi/4.8.3/../../../../arm-none-eabi/lib/armv7-m\libm.a(lib_a-s_rint.o)
 .rodata.str1.1
                0x0000a150        0x2 c:/siliconlabs/simplicitystudio/v3/developer/toolchains/gnu_arm/4.8_2013q4/bin/../lib/gcc/arm-none-eabi/4.8.3/../../../../arm-none-eabi/lib/armv7-m\libc_s.a(lib_a-impure.o)
 *fill*         0x0000a152        0x2 
 .rodata._global_impure_ptr
                0x0000a154        0x4 c:/siliconlabs/simplicitystudio/v3/developer/toolchains/gnu_arm/4.8_2013q4/bin/../lib/gcc/arm-none-eabi/4.8.3/../../../../arm-none-eabi/lib/armv7-m\libc_s.a(lib_a-impure.o)
                0x0000a154                _global_impure_ptr
 *(.eh_frame*)
 .eh_frame      0x0000a158        0x0 c:/siliconlabs/simplicitystudio/v3/developer/toolchains/gnu_arm/4.8_2013q4/bin/../lib/gcc/arm-none-eabi/4.8.3/armv7-m/crtbegin.o
 .eh_frame      0x0000a158        0x4 c:/siliconlabs/simplicitystudio/v3/developer/toolchains/gnu_arm/4.8_2013q4/bin/../lib/gcc/arm-none-eabi/4.8.3/armv7-m/crtend.o

.glue_7         0x0000a15c        0x0
 .glue_7        0x00000000        0x0 linker stubs

.glue_7t        0x0000a15c        0x0
 .glue_7t       0x00000000        0x0 linker stubs

.vfp11_veneer   0x0000a15c        0x0
 .vfp11_veneer  0x00000000        0x0 linker stubs

.v4_bx          0x0000a15c        0x0
 .v4_bx         0x00000000        0x0 linker stubs

.iplt           0x0000a15c        0x0
 .iplt          0x00000000        0x0 c:/siliconlabs/simplicitystudio/v3/developer/toolchains/gnu_arm/4.8_2013q4/bin/../lib/gcc/arm-none-eabi/4.8.3/armv7-m/crtbegin.o

.ARM.extab
 *(.ARM.extab* .gnu.linkonce.armextab.*)
                0x0000a15c                __exidx_start = .

.ARM.exidx      0x0000a15c        0x8
 *(.ARM.exidx* .gnu.linkonce.armexidx.*)
 .ARM.exidx     0x0000a15c        0x8 c:/siliconlabs/simplicitystudio/v3/developer/toolchains/gnu_arm/4.8_2013q4/bin/../lib/gcc/arm-none-eabi/4.8.3/../../../../arm-none-eabi/lib/armv7-m/crt0.o
 .ARM.exidx     0x0000a164        0x0 c:/siliconlabs/simplicitystudio/v3/developer/toolchains/gnu_arm/4.8_2013q4/bin/../lib/gcc/arm-none-eabi/4.8.3/armv7-m\libgcc.a(_divdi3.o)
                                  0x8 (size before relaxing)
 .ARM.exidx     0x0000a164        0x0 c:/siliconlabs/simplicitystudio/v3/developer/toolchains/gnu_arm/4.8_2013q4/bin/../lib/gcc/arm-none-eabi/4.8.3/armv7-m\libgcc.a(_udivdi3.o)
                                  0x8 (size before relaxing)
                0x0000a164                __exidx_end = .
                0x0000a164                __etext = .

.rel.dyn        0x0000a164        0x0
 .rel.iplt      0x00000000        0x0 c:/siliconlabs/simplicitystudio/v3/developer/toolchains/gnu_arm/4.8_2013q4/bin/../lib/gcc/arm-none-eabi/4.8.3/armv7-m/crtbegin.o

.data           0x20000000       0x90 load address 0x0000a164
                0x20000000                __data_start__ = .
 *(vtable)
 *(.data*)
 .data.sec_value_flag
                0x20000000        0x1 ./src/LETimer.o
                0x20000000                sec_value_flag
 .data.I2C_tx_buffer_size
                0x20000001        0x1 ./src/i2c.o
                0x20000001                I2C_tx_buffer_size
 .data.I2C_tx_buffer_size1
                0x20000002        0x1 ./src/i2c.o
                0x20000002                I2C_tx_buffer_size1
 .data.I2C_rx_buffer_size
                0x20000003        0x1 ./src/i2c.o
 .data.i2c_init
                0x20000004       0x10 ./src/i2c.o
                0x20000004                i2c_init
 .data.SystemHFXOClock
                0x20000014        0x4 ./CMSIS/efm32lg/system_efm32lg.o
 .data.SystemLFXOClock
                0x20000018        0x4 ./CMSIS/efm32lg/system_efm32lg.o
 .data.__fdlib_version
                0x2000001c        0x1 c:/siliconlabs/simplicitystudio/v3/developer/toolchains/gnu_arm/4.8_2013q4/bin/../lib/gcc/arm-none-eabi/4.8.3/../../../../arm-none-eabi/lib/armv7-m\libm.a(lib_a-s_lib_ver.o)
                0x2000001c                __fdlib_version
 *fill*         0x2000001d        0x3 
 .data.impure_data
                0x20000020       0x60 c:/siliconlabs/simplicitystudio/v3/developer/toolchains/gnu_arm/4.8_2013q4/bin/../lib/gcc/arm-none-eabi/4.8.3/../../../../arm-none-eabi/lib/armv7-m\libc_s.a(lib_a-impure.o)
 .data._impure_ptr
                0x20000080        0x4 c:/siliconlabs/simplicitystudio/v3/developer/toolchains/gnu_arm/4.8_2013q4/bin/../lib/gcc/arm-none-eabi/4.8.3/../../../../arm-none-eabi/lib/armv7-m\libc_s.a(lib_a-impure.o)
                0x20000080                _impure_ptr
                0x20000084                . = ALIGN (0x4)
 *(.ram)
                0x20000084                . = ALIGN (0x4)
                0x20000084                PROVIDE (__preinit_array_start, .)
 *(.preinit_array)
                0x20000084                PROVIDE (__preinit_array_end, .)
                0x20000084                . = ALIGN (0x4)
                0x20000084                PROVIDE (__init_array_start, .)
 *(SORT(.init_array.*))
 *(.init_array)
 .init_array    0x20000084        0x4 c:/siliconlabs/simplicitystudio/v3/developer/toolchains/gnu_arm/4.8_2013q4/bin/../lib/gcc/arm-none-eabi/4.8.3/armv7-m/crtbegin.o
                0x20000088                PROVIDE (__init_array_end, .)
                0x20000088                . = ALIGN (0x4)
                0x20000088                PROVIDE (__fini_array_start, .)
 *(SORT(.fini_array.*))
 *(.fini_array)
 .fini_array    0x20000088        0x4 c:/siliconlabs/simplicitystudio/v3/developer/toolchains/gnu_arm/4.8_2013q4/bin/../lib/gcc/arm-none-eabi/4.8.3/armv7-m/crtbegin.o
                0x2000008c                PROVIDE (__fini_array_end, .)
 *(.jcr*)
 .jcr           0x2000008c        0x0 c:/siliconlabs/simplicitystudio/v3/developer/toolchains/gnu_arm/4.8_2013q4/bin/../lib/gcc/arm-none-eabi/4.8.3/armv7-m/crtbegin.o
 .jcr           0x2000008c        0x4 c:/siliconlabs/simplicitystudio/v3/developer/toolchains/gnu_arm/4.8_2013q4/bin/../lib/gcc/arm-none-eabi/4.8.3/armv7-m/crtend.o
                0x20000090                . = ALIGN (0x4)
                0x20000090                __data_end__ = .

.igot.plt       0x20000090        0x0 load address 0x0000a1f4
 .igot.plt      0x00000000        0x0 c:/siliconlabs/simplicitystudio/v3/developer/toolchains/gnu_arm/4.8_2013q4/bin/../lib/gcc/arm-none-eabi/4.8.3/armv7-m/crtbegin.o

.bss            0x20000100      0xdd8 load address 0x0000a300
                0x20000100                . = ALIGN (0x4)
                0x20000100                __bss_start__ = .
 *(.bss*)
 .bss           0x20000100       0x1c c:/siliconlabs/simplicitystudio/v3/developer/toolchains/gnu_arm/4.8_2013q4/bin/../lib/gcc/arm-none-eabi/4.8.3/armv7-m/crtbegin.o
 .bss.reg_I2C_tx_buffer_write
                0x2000011c        0x4 ./src/BME280.o
 .bss.reg_I2C_tx_buffer_read
                0x20000120        0x4 ./src/BME280.o
 .bss.led_flag  0x20000124        0x4 ./src/LETimer.o
                0x20000124                led_flag
 .bss.energymode_flag
                0x20000128        0x4 ./src/LETimer.o
                0x20000128                energymode_flag
 .bss.secs_flag.7754
                0x2000012c        0x4 ./src/LETimer.o
 .bss.TSL2651_period_flag.7756
                0x20000130        0x1 ./src/LETimer.o
 *fill*         0x20000131        0x1 
 .bss.count.7787
                0x20000132        0x2 ./src/LETimer.o
 .bss.buttons_pressed.7789
                0x20000134        0x2 ./src/LETimer.o
 .bss.sec_value.7797
                0x20000136        0x2 ./src/LETimer.o
 .bss.reg_I2C_tx_buffer_write
                0x20000138        0x4 ./src/LSM303C.o
 .bss.reg_I2C_tx_buffer_read
                0x2000013c        0x4 ./src/LSM303C.o
 .bss.reg_I2C_tx_buffer_read
                0x20000140        0x4 ./src/calibration.o
 .bss.calibration_value
                0x20000144      0x140 ./src/captouch.o
 .bss.buttons_pressed
                0x20000284        0x2 ./src/captouch.o
 *fill*         0x20000286        0x2 
 .bss.channel_max_value
                0x20000288       0x20 ./src/captouch.o
 .bss.channel_min_value
                0x200002a8       0x20 ./src/captouch.o
 .bss.channels_used_mask
                0x200002c8        0x2 ./src/captouch.o
 .bss.num_channels_used
                0x200002ca        0x1 ./src/captouch.o
 *fill*         0x200002cb        0x1 
 .bss.channel_threshold_percent
                0x200002cc       0x40 ./src/captouch.o
 .bss.calibration_value_index.6144
                0x2000030c        0x1 ./src/captouch.o
 *fill*         0x2000030d        0x3 
 .bss.reg_I2C_tx_buffer_write
                0x20000310        0x4 ./src/gesture.o
 .bss.reg_I2C_tx_buffer_read
                0x20000314        0x4 ./src/gesture.o
 .bss.I2C_tx_buffer
                0x20000318        0x4 ./src/i2c.o
                0x20000318                I2C_tx_buffer
 .bss.I2C_tx_buffer1
                0x2000031c        0x4 ./src/i2c.o
                0x2000031c                I2C_tx_buffer1
 .bss.I2C_rx_buffer
                0x20000320        0xc ./src/i2c.o
 .bss.flag.5420
                0x2000032c        0x4 ./src/leuart.o
 .bss.sleep_block_counter
                0x20000330       0x10 ./src/sleep.o
                0x20000330                sleep_block_counter
 .bss.cmuStatus
                0x20000340        0x4 ./emlib/em_emu.o
 .bss.i2cTransfer
                0x20000344       0x18 ./emlib/em_i2c.o
 .bss.INT_LockCnt
                0x2000035c        0x4 ./emlib/em_int.o
                0x2000035c                INT_LockCnt
 *(COMMON)
 COMMON         0x20000360       0x34 ./src/BME280.o
                0x20000360                calibration
                0x20000384                I2C_rx_buffer
                0x20000390                t_fine
 COMMON         0x20000394        0x4 ./src/GPIO.o
                0x20000394                self_calibration_ratio
 COMMON         0x20000398      0x7d4 ./src/LETimer.o
                0x20000398                ACMP_Out_flag
                0x2000039c                ADC_data_buffer
 COMMON         0x20000b6c        0xe ./src/LSM303C.o
                0x20000b6c                accel
                0x20000b74                mag
 *fill*         0x20000b7a        0x2 
 COMMON         0x20000b7c        0xc ./src/dma.o
                0x20000b7c                ADC_callback
 *fill*         0x20000b88       0x78 
 COMMON         0x20000c00      0x200 ./src/dmactrl.o
                0x20000c00                dmaControlBlock
 COMMON         0x20000e00       0xa4 ./src/gesture.o
                0x20000e00                gesture_lr_d
                0x20000e04                gesture_ud_d
                0x20000e08                gesture_near_count
                0x20000e0c                gesture_lr_c
                0x20000e10                gesture_far_count
                0x20000e14                gesture_data
                0x20000e98                gesture_motion
                0x20000e9c                gesture_ud_c
                0x20000ea0                gesture_state
 COMMON         0x20000ea4       0x19 ./src/i2c.o
                0x20000ea4                I2C_rx_buffer_index
                0x20000ea5                I2C_rx_active
                0x20000ea6                I2C_tx_start
                0x20000ea8                i2c_transfer
                0x20000ebc                I2C_tx_buffer_index
 *fill*         0x20000ebd        0x3 
 COMMON         0x20000ec0        0xc ./src/leuart.o
                0x20000ec0                led_val
                0x20000ec4                global
                0x20000ec8                decimal_val
 COMMON         0x20000ecc        0x8 ./src/rtc.o
                0x20000ecc                captouch_interrupt_flags
                0x20000ed0                test_flag
 COMMON         0x20000ed4        0x4 ./CMSIS/efm32lg/system_efm32lg.o
                0x20000ed4                SystemCoreClock
                0x20000ed8                . = ALIGN (0x4)
                0x20000ed8                __bss_end__ = .

.heap           0x20000ed8      0xc00
                0x20000ed8                __HeapBase = .
                0x20000ed8                __end__ = .
                0x20000ed8                end = __end__
                0x20000ed8                _end = __end__
 *(.heap*)
 .heap          0x20000ed8      0xc00 ./CMSIS/efm32lg/startup_gcc_efm32lg.o
                0x20001ad8                __HeapLimit = .

.stack_dummy    0x20000ed8      0x400
 *(.stack*)
 .stack         0x20000ed8      0x400 ./CMSIS/efm32lg/startup_gcc_efm32lg.o
                0x20008000                __StackTop = (ORIGIN (RAM) + 0x8000)
                0x20007c00                __StackLimit = (__StackTop - SIZEOF (.stack_dummy))
                0x20008000                PROVIDE (__stack, __StackTop)
                0x00000001                ASSERT ((__StackLimit >= __HeapLimit), region RAM overflowed with stack)
                0x00000001                ASSERT ((0x40000 >= (__etext + SIZEOF (.data))), FLASH memory overflowed !)
OUTPUT(IoTProject.axf elf32-littlearm)

.ARM.attributes
                0x00000000       0x29
 .ARM.attributes
                0x00000000       0x1d c:/siliconlabs/simplicitystudio/v3/developer/toolchains/gnu_arm/4.8_2013q4/bin/../lib/gcc/arm-none-eabi/4.8.3/armv7-m/crti.o
 .ARM.attributes
                0x0000001d       0x2d c:/siliconlabs/simplicitystudio/v3/developer/toolchains/gnu_arm/4.8_2013q4/bin/../lib/gcc/arm-none-eabi/4.8.3/armv7-m/crtbegin.o
 .ARM.attributes
                0x0000004a       0x1b c:/siliconlabs/simplicitystudio/v3/developer/toolchains/gnu_arm/4.8_2013q4/bin/../lib/gcc/arm-none-eabi/4.8.3/../../../../arm-none-eabi/lib/armv7-m/crt0.o
 .ARM.attributes
                0x00000065       0x33 ./src/BME280.o
 .ARM.attributes
                0x00000098       0x33 ./src/GPIO.o
 .ARM.attributes
                0x000000cb       0x33 ./src/LCD.o
 .ARM.attributes
                0x000000fe       0x33 ./src/LETimer.o
 .ARM.attributes
                0x00000131       0x33 ./src/LSM303C.o
 .ARM.attributes
                0x00000164       0x33 ./src/acmp.o
 .ARM.attributes
                0x00000197       0x33 ./src/adc.o
 .ARM.attributes
                0x000001ca       0x33 ./src/calibration.o
 .ARM.attributes
                0x000001fd       0x33 ./src/captouch.o
 .ARM.attributes
                0x00000230       0x33 ./src/clock.o
 .ARM.attributes
                0x00000263       0x33 ./src/dma.o
 .ARM.attributes
                0x00000296       0x33 ./src/dmactrl.o
 .ARM.attributes
                0x000002c9       0x33 ./src/gesture.o
 .ARM.attributes
                0x000002fc       0x33 ./src/i2c.o
 .ARM.attributes
                0x0000032f       0x33 ./src/leuart.o
 .ARM.attributes
                0x00000362       0x33 ./src/main.o
 .ARM.attributes
                0x00000395       0x33 ./src/rtc.o
 .ARM.attributes
                0x000003c8       0x33 ./src/segmentlcd.o
 .ARM.attributes
                0x000003fb       0x33 ./src/sleep.o
 .ARM.attributes
                0x0000042e       0x33 ./emlib/em_acmp.o
 .ARM.attributes
                0x00000461       0x33 ./emlib/em_adc.o
 .ARM.attributes
                0x00000494       0x33 ./emlib/em_cmu.o
 .ARM.attributes
                0x000004c7       0x33 ./emlib/em_dma.o
 .ARM.attributes
                0x000004fa       0x33 ./emlib/em_emu.o
 .ARM.attributes
                0x0000052d       0x33 ./emlib/em_gpio.o
 .ARM.attributes
                0x00000560       0x33 ./emlib/em_i2c.o
 .ARM.attributes
                0x00000593       0x33 ./emlib/em_int.o
 .ARM.attributes
                0x000005c6       0x33 ./emlib/em_lcd.o
 .ARM.attributes
                0x000005f9       0x33 ./emlib/em_lesense.o
 .ARM.attributes
                0x0000062c       0x33 ./emlib/em_letimer.o
 .ARM.attributes
                0x0000065f       0x33 ./emlib/em_leuart.o
 .ARM.attributes
                0x00000692       0x33 ./emlib/em_rtc.o
 .ARM.attributes
                0x000006c5       0x33 ./emlib/em_system.o
 .ARM.attributes
                0x000006f8       0x1b ./CMSIS/efm32lg/startup_gcc_efm32lg.o
 .ARM.attributes
                0x00000713       0x33 ./CMSIS/efm32lg/system_efm32lg.o
 .ARM.attributes
                0x00000746       0x2d c:/siliconlabs/simplicitystudio/v3/developer/toolchains/gnu_arm/4.8_2013q4/bin/../lib/gcc/arm-none-eabi/4.8.3/../../../../arm-none-eabi/lib/armv7-m\libm.a(lib_a-w_pow.o)
 .ARM.attributes
                0x00000773       0x2d c:/siliconlabs/simplicitystudio/v3/developer/toolchains/gnu_arm/4.8_2013q4/bin/../lib/gcc/arm-none-eabi/4.8.3/../../../../arm-none-eabi/lib/armv7-m\libm.a(lib_a-e_pow.o)
 .ARM.attributes
                0x000007a0       0x2d c:/siliconlabs/simplicitystudio/v3/developer/toolchains/gnu_arm/4.8_2013q4/bin/../lib/gcc/arm-none-eabi/4.8.3/../../../../arm-none-eabi/lib/armv7-m\libm.a(lib_a-e_sqrt.o)
 .ARM.attributes
                0x000007cd       0x2d c:/siliconlabs/simplicitystudio/v3/developer/toolchains/gnu_arm/4.8_2013q4/bin/../lib/gcc/arm-none-eabi/4.8.3/../../../../arm-none-eabi/lib/armv7-m\libm.a(lib_a-s_fabs.o)
 .ARM.attributes
                0x000007fa       0x2d c:/siliconlabs/simplicitystudio/v3/developer/toolchains/gnu_arm/4.8_2013q4/bin/../lib/gcc/arm-none-eabi/4.8.3/../../../../arm-none-eabi/lib/armv7-m\libm.a(lib_a-s_finite.o)
 .ARM.attributes
                0x00000827       0x2d c:/siliconlabs/simplicitystudio/v3/developer/toolchains/gnu_arm/4.8_2013q4/bin/../lib/gcc/arm-none-eabi/4.8.3/../../../../arm-none-eabi/lib/armv7-m\libm.a(lib_a-s_fpclassify.o)
 .ARM.attributes
                0x00000854       0x2d c:/siliconlabs/simplicitystudio/v3/developer/toolchains/gnu_arm/4.8_2013q4/bin/../lib/gcc/arm-none-eabi/4.8.3/../../../../arm-none-eabi/lib/armv7-m\libm.a(lib_a-s_lib_ver.o)
 .ARM.attributes
                0x00000881       0x2d c:/siliconlabs/simplicitystudio/v3/developer/toolchains/gnu_arm/4.8_2013q4/bin/../lib/gcc/arm-none-eabi/4.8.3/../../../../arm-none-eabi/lib/armv7-m\libm.a(lib_a-s_matherr.o)
 .ARM.attributes
                0x000008ae       0x2d c:/siliconlabs/simplicitystudio/v3/developer/toolchains/gnu_arm/4.8_2013q4/bin/../lib/gcc/arm-none-eabi/4.8.3/../../../../arm-none-eabi/lib/armv7-m\libm.a(lib_a-s_nan.o)
 .ARM.attributes
                0x000008db       0x2d c:/siliconlabs/simplicitystudio/v3/developer/toolchains/gnu_arm/4.8_2013q4/bin/../lib/gcc/arm-none-eabi/4.8.3/../../../../arm-none-eabi/lib/armv7-m\libm.a(lib_a-s_rint.o)
 .ARM.attributes
                0x00000908       0x2d c:/siliconlabs/simplicitystudio/v3/developer/toolchains/gnu_arm/4.8_2013q4/bin/../lib/gcc/arm-none-eabi/4.8.3/../../../../arm-none-eabi/lib/armv7-m\libm.a(lib_a-s_scalbn.o)
 .ARM.attributes
                0x00000935       0x2d c:/siliconlabs/simplicitystudio/v3/developer/toolchains/gnu_arm/4.8_2013q4/bin/../lib/gcc/arm-none-eabi/4.8.3/../../../../arm-none-eabi/lib/armv7-m\libm.a(lib_a-s_copysign.o)
 .ARM.attributes
                0x00000962       0x1d c:/siliconlabs/simplicitystudio/v3/developer/toolchains/gnu_arm/4.8_2013q4/bin/../lib/gcc/arm-none-eabi/4.8.3/armv7-m\libgcc.a(_arm_addsubdf3.o)
 .ARM.attributes
                0x0000097f       0x1d c:/siliconlabs/simplicitystudio/v3/developer/toolchains/gnu_arm/4.8_2013q4/bin/../lib/gcc/arm-none-eabi/4.8.3/armv7-m\libgcc.a(_arm_muldivdf3.o)
 .ARM.attributes
                0x0000099c       0x1d c:/siliconlabs/simplicitystudio/v3/developer/toolchains/gnu_arm/4.8_2013q4/bin/../lib/gcc/arm-none-eabi/4.8.3/armv7-m\libgcc.a(_arm_cmpdf2.o)
 .ARM.attributes
                0x000009b9       0x1d c:/siliconlabs/simplicitystudio/v3/developer/toolchains/gnu_arm/4.8_2013q4/bin/../lib/gcc/arm-none-eabi/4.8.3/armv7-m\libgcc.a(_arm_fixdfsi.o)
 .ARM.attributes
                0x000009d6       0x1d c:/siliconlabs/simplicitystudio/v3/developer/toolchains/gnu_arm/4.8_2013q4/bin/../lib/gcc/arm-none-eabi/4.8.3/armv7-m\libgcc.a(_arm_fixunsdfsi.o)
 .ARM.attributes
                0x000009f3       0x1d c:/siliconlabs/simplicitystudio/v3/developer/toolchains/gnu_arm/4.8_2013q4/bin/../lib/gcc/arm-none-eabi/4.8.3/armv7-m\libgcc.a(_arm_truncdfsf2.o)
 .ARM.attributes
                0x00000a10       0x1d c:/siliconlabs/simplicitystudio/v3/developer/toolchains/gnu_arm/4.8_2013q4/bin/../lib/gcc/arm-none-eabi/4.8.3/armv7-m\libgcc.a(_arm_addsubsf3.o)
 .ARM.attributes
                0x00000a2d       0x1d c:/siliconlabs/simplicitystudio/v3/developer/toolchains/gnu_arm/4.8_2013q4/bin/../lib/gcc/arm-none-eabi/4.8.3/armv7-m\libgcc.a(_arm_muldivsf3.o)
 .ARM.attributes
                0x00000a4a       0x1d c:/siliconlabs/simplicitystudio/v3/developer/toolchains/gnu_arm/4.8_2013q4/bin/../lib/gcc/arm-none-eabi/4.8.3/armv7-m\libgcc.a(_arm_cmpsf2.o)
 .ARM.attributes
                0x00000a67       0x1d c:/siliconlabs/simplicitystudio/v3/developer/toolchains/gnu_arm/4.8_2013q4/bin/../lib/gcc/arm-none-eabi/4.8.3/armv7-m\libgcc.a(_arm_fixsfsi.o)
 .ARM.attributes
                0x00000a84       0x1d c:/siliconlabs/simplicitystudio/v3/developer/toolchains/gnu_arm/4.8_2013q4/bin/../lib/gcc/arm-none-eabi/4.8.3/armv7-m\libgcc.a(_arm_fixunssfsi.o)
 .ARM.attributes
                0x00000aa1       0x1d c:/siliconlabs/simplicitystudio/v3/developer/toolchains/gnu_arm/4.8_2013q4/bin/../lib/gcc/arm-none-eabi/4.8.3/armv7-m\libgcc.a(_aeabi_ldivmod.o)
 .ARM.attributes
                0x00000abe       0x2d c:/siliconlabs/simplicitystudio/v3/developer/toolchains/gnu_arm/4.8_2013q4/bin/../lib/gcc/arm-none-eabi/4.8.3/armv7-m\libgcc.a(bpabi.o)
 .ARM.attributes
                0x00000aeb       0x1d c:/siliconlabs/simplicitystudio/v3/developer/toolchains/gnu_arm/4.8_2013q4/bin/../lib/gcc/arm-none-eabi/4.8.3/armv7-m\libgcc.a(_dvmd_tls.o)
 .ARM.attributes
                0x00000b08       0x2d c:/siliconlabs/simplicitystudio/v3/developer/toolchains/gnu_arm/4.8_2013q4/bin/../lib/gcc/arm-none-eabi/4.8.3/armv7-m\libgcc.a(_divdi3.o)
 .ARM.attributes
                0x00000b35       0x2d c:/siliconlabs/simplicitystudio/v3/developer/toolchains/gnu_arm/4.8_2013q4/bin/../lib/gcc/arm-none-eabi/4.8.3/armv7-m\libgcc.a(_udivdi3.o)
 .ARM.attributes
                0x00000b62       0x2d c:/siliconlabs/simplicitystudio/v3/developer/toolchains/gnu_arm/4.8_2013q4/bin/../lib/gcc/arm-none-eabi/4.8.3/../../../../arm-none-eabi/lib/armv7-m\libc_s.a(lib_a-abs.o)
 .ARM.attributes
                0x00000b8f       0x2d c:/siliconlabs/simplicitystudio/v3/developer/toolchains/gnu_arm/4.8_2013q4/bin/../lib/gcc/arm-none-eabi/4.8.3/../../../../arm-none-eabi/lib/armv7-m\libc_s.a(lib_a-errno.o)
 .ARM.attributes
                0x00000bbc       0x2d c:/siliconlabs/simplicitystudio/v3/developer/toolchains/gnu_arm/4.8_2013q4/bin/../lib/gcc/arm-none-eabi/4.8.3/../../../../arm-none-eabi/lib/armv7-m\libc_s.a(lib_a-exit.o)
 .ARM.attributes
                0x00000be9       0x2d c:/siliconlabs/simplicitystudio/v3/developer/toolchains/gnu_arm/4.8_2013q4/bin/../lib/gcc/arm-none-eabi/4.8.3/../../../../arm-none-eabi/lib/armv7-m\libc_s.a(lib_a-impure.o)
 .ARM.attributes
                0x00000c16       0x2d c:/siliconlabs/simplicitystudio/v3/developer/toolchains/gnu_arm/4.8_2013q4/bin/../lib/gcc/arm-none-eabi/4.8.3/../../../../arm-none-eabi/lib/armv7-m\libc_s.a(lib_a-init.o)
 .ARM.attributes
                0x00000c43       0x2d c:/siliconlabs/simplicitystudio/v3/developer/toolchains/gnu_arm/4.8_2013q4/bin/../lib/gcc/arm-none-eabi/4.8.3/../../../../arm-none-eabi/lib/armv7-m\libc_s.a(lib_a-memset.o)
 .ARM.attributes
                0x00000c70       0x2d c:/siliconlabs/simplicitystudio/v3/developer/toolchains/gnu_arm/4.8_2013q4/bin/../lib/gcc/arm-none-eabi/4.8.3/../../../../arm-none-eabi/lib/armv7-m\libc_s.a(lib_a-strlen.o)
 .ARM.attributes
                0x00000c9d       0x2d c:/siliconlabs/simplicitystudio/v3/developer/toolchains/gnu_arm/4.8_2013q4/bin/../lib/gcc/arm-none-eabi/4.8.3/../../../../arm-none-eabi/lib/armv7-m\libnosys.a(_exit.o)
 .ARM.attributes
                0x00000cca       0x2d c:/siliconlabs/simplicitystudio/v3/developer/toolchains/gnu_arm/4.8_2013q4/bin/../lib/gcc/arm-none-eabi/4.8.3/armv7-m/crtend.o
 .ARM.attributes
                0x00000cf7       0x1d c:/siliconlabs/simplicitystudio/v3/developer/toolchains/gnu_arm/4.8_2013q4/bin/../lib/gcc/arm-none-eabi/4.8.3/armv7-m/crtn.o

.comment        0x00000000       0x70
 .comment       0x00000000       0x70 ./src/BME280.o
                                 0x71 (size before relaxing)
 .comment       0x00000000       0x71 ./src/GPIO.o
 .comment       0x00000000       0x71 ./src/LCD.o
 .comment       0x00000000       0x71 ./src/LETimer.o
 .comment       0x00000000       0x71 ./src/LSM303C.o
 .comment       0x00000000       0x71 ./src/acmp.o
 .comment       0x00000000       0x71 ./src/adc.o
 .comment       0x00000000       0x71 ./src/calibration.o
 .comment       0x00000000       0x71 ./src/captouch.o
 .comment       0x00000000       0x71 ./src/clock.o
 .comment       0x00000000       0x71 ./src/dma.o
 .comment       0x00000000       0x71 ./src/dmactrl.o
 .comment       0x00000000       0x71 ./src/gesture.o
 .comment       0x00000000       0x71 ./src/i2c.o
 .comment       0x00000000       0x71 ./src/leuart.o
 .comment       0x00000000       0x71 ./src/main.o
 .comment       0x00000000       0x71 ./src/rtc.o
 .comment       0x00000000       0x71 ./src/segmentlcd.o
 .comment       0x00000000       0x71 ./src/sleep.o
 .comment       0x00000000       0x71 ./emlib/em_acmp.o
 .comment       0x00000000       0x71 ./emlib/em_adc.o
 .comment       0x00000000       0x71 ./emlib/em_cmu.o
 .comment       0x00000000       0x71 ./emlib/em_dma.o
 .comment       0x00000000       0x71 ./emlib/em_emu.o
 .comment       0x00000000       0x71 ./emlib/em_gpio.o
 .comment       0x00000000       0x71 ./emlib/em_i2c.o
 .comment       0x00000000       0x71 ./emlib/em_int.o
 .comment       0x00000000       0x71 ./emlib/em_lcd.o
 .comment       0x00000000       0x71 ./emlib/em_lesense.o
 .comment       0x00000000       0x71 ./emlib/em_letimer.o
 .comment       0x00000000       0x71 ./emlib/em_leuart.o
 .comment       0x00000000       0x71 ./emlib/em_rtc.o
 .comment       0x00000000       0x71 ./emlib/em_system.o
 .comment       0x00000000       0x71 ./CMSIS/efm32lg/system_efm32lg.o

.debug_info     0x00000000    0x125d0
 .debug_info    0x00000000      0x3db ./src/BME280.o
 .debug_info    0x000003db      0x636 ./src/GPIO.o
 .debug_info    0x00000a11      0x4ec ./src/LCD.o
 .debug_info    0x00000efd     0x183c ./src/LETimer.o
 .debug_info    0x00002739      0x83d ./src/LSM303C.o
 .debug_info    0x00002f76      0x56c ./src/acmp.o
 .debug_info    0x000034e2      0x70b ./src/adc.o
 .debug_info    0x00003bed      0x233 ./src/calibration.o
 .debug_info    0x00003e20     0x15c5 ./src/captouch.o
 .debug_info    0x000053e5      0x77c ./src/clock.o
 .debug_info    0x00005b61      0x585 ./src/dma.o
 .debug_info    0x000060e6      0x113 ./src/dmactrl.o
 .debug_info    0x000061f9      0x89d ./src/gesture.o
 .debug_info    0x00006a96      0x6de ./src/i2c.o
 .debug_info    0x00007174      0x9c9 ./src/leuart.o
 .debug_info    0x00007b3d      0x370 ./src/main.o
 .debug_info    0x00007ead      0x727 ./src/rtc.o
 .debug_info    0x000085d4     0x11aa ./src/segmentlcd.o
 .debug_info    0x0000977e      0x3e9 ./src/sleep.o
 .debug_info    0x00009b67      0x62a ./emlib/em_acmp.o
 .debug_info    0x0000a191      0xa70 ./emlib/em_adc.o
 .debug_info    0x0000ac01     0x1390 ./emlib/em_cmu.o
 .debug_info    0x0000bf91     0x12bd ./emlib/em_dma.o
 .debug_info    0x0000d24e      0xd80 ./emlib/em_emu.o
 .debug_info    0x0000dfce      0x648 ./emlib/em_gpio.o
 .debug_info    0x0000e616      0x841 ./emlib/em_i2c.o
 .debug_info    0x0000ee57       0xa6 ./emlib/em_int.o
 .debug_info    0x0000eefd      0xa2c ./emlib/em_lcd.o
 .debug_info    0x0000f929     0x13ff ./emlib/em_lesense.o
 .debug_info    0x00010d28      0x502 ./emlib/em_letimer.o
 .debug_info    0x0001122a      0x828 ./emlib/em_leuart.o
 .debug_info    0x00011a52      0x32d ./emlib/em_rtc.o
 .debug_info    0x00011d7f      0x245 ./emlib/em_system.o
 .debug_info    0x00011fc4       0xab ./CMSIS/efm32lg/startup_gcc_efm32lg.o
 .debug_info    0x0001206f      0x561 ./CMSIS/efm32lg/system_efm32lg.o

.debug_abbrev   0x00000000     0x394b
 .debug_abbrev  0x00000000       0xe6 ./src/BME280.o
 .debug_abbrev  0x000000e6      0x16d ./src/GPIO.o
 .debug_abbrev  0x00000253      0x14f ./src/LCD.o
 .debug_abbrev  0x000003a2      0x2d5 ./src/LETimer.o
 .debug_abbrev  0x00000677      0x18b ./src/LSM303C.o
 .debug_abbrev  0x00000802      0x19a ./src/acmp.o
 .debug_abbrev  0x0000099c      0x146 ./src/adc.o
 .debug_abbrev  0x00000ae2       0xca ./src/calibration.o
 .debug_abbrev  0x00000bac      0x2bf ./src/captouch.o
 .debug_abbrev  0x00000e6b      0x1c4 ./src/clock.o
 .debug_abbrev  0x0000102f      0x14a ./src/dma.o
 .debug_abbrev  0x00001179       0x98 ./src/dmactrl.o
 .debug_abbrev  0x00001211      0x248 ./src/gesture.o
 .debug_abbrev  0x00001459      0x1c8 ./src/i2c.o
 .debug_abbrev  0x00001621      0x227 ./src/leuart.o
 .debug_abbrev  0x00001848      0x115 ./src/main.o
 .debug_abbrev  0x0000195d      0x1fe ./src/rtc.o
 .debug_abbrev  0x00001b5b      0x197 ./src/segmentlcd.o
 .debug_abbrev  0x00001cf2      0x198 ./src/sleep.o
 .debug_abbrev  0x00001e8a      0x1bb ./emlib/em_acmp.o
 .debug_abbrev  0x00002045      0x1b0 ./emlib/em_adc.o
 .debug_abbrev  0x000021f5      0x2f8 ./emlib/em_cmu.o
 .debug_abbrev  0x000024ed      0x23b ./emlib/em_dma.o
 .debug_abbrev  0x00002728      0x254 ./emlib/em_emu.o
 .debug_abbrev  0x0000297c      0x1cf ./emlib/em_gpio.o
 .debug_abbrev  0x00002b4b      0x24c ./emlib/em_i2c.o
 .debug_abbrev  0x00002d97       0x5c ./emlib/em_int.o
 .debug_abbrev  0x00002df3      0x1c2 ./emlib/em_lcd.o
 .debug_abbrev  0x00002fb5      0x230 ./emlib/em_lesense.o
 .debug_abbrev  0x000031e5      0x1a3 ./emlib/em_letimer.o
 .debug_abbrev  0x00003388      0x1bb ./emlib/em_leuart.o
 .debug_abbrev  0x00003543      0x198 ./emlib/em_rtc.o
 .debug_abbrev  0x000036db       0xef ./emlib/em_system.o
 .debug_abbrev  0x000037ca       0x14 ./CMSIS/efm32lg/startup_gcc_efm32lg.o
 .debug_abbrev  0x000037de      0x16d ./CMSIS/efm32lg/system_efm32lg.o

.debug_loc      0x00000000     0x4912
 .debug_loc     0x00000000      0x152 ./src/BME280.o
 .debug_loc     0x00000152      0x118 ./src/GPIO.o
 .debug_loc     0x0000026a      0x100 ./src/LCD.o
 .debug_loc     0x0000036a      0x368 ./src/LETimer.o
 .debug_loc     0x000006d2      0x410 ./src/LSM303C.o
 .debug_loc     0x00000ae2       0xf4 ./src/acmp.o
 .debug_loc     0x00000bd6       0x38 ./src/adc.o
 .debug_loc     0x00000c0e       0x64 ./src/calibration.o
 .debug_loc     0x00000c72      0x37e ./src/captouch.o
 .debug_loc     0x00000ff0      0x138 ./src/clock.o
 .debug_loc     0x00001128       0x70 ./src/dma.o
 .debug_loc     0x00001198      0x252 ./src/gesture.o
 .debug_loc     0x000013ea      0x138 ./src/i2c.o
 .debug_loc     0x00001522      0x1e0 ./src/leuart.o
 .debug_loc     0x00001702       0x70 ./src/main.o
 .debug_loc     0x00001772      0x19c ./src/rtc.o
 .debug_loc     0x0000190e      0x45c ./src/segmentlcd.o
 .debug_loc     0x00001d6a      0x12c ./src/sleep.o
 .debug_loc     0x00001e96      0x230 ./emlib/em_acmp.o
 .debug_loc     0x000020c6      0x188 ./emlib/em_adc.o
 .debug_loc     0x0000224e      0x8d0 ./emlib/em_cmu.o
 .debug_loc     0x00002b1e      0x498 ./emlib/em_dma.o
 .debug_loc     0x00002fb6      0x3b4 ./emlib/em_emu.o
 .debug_loc     0x0000336a      0x268 ./emlib/em_gpio.o
 .debug_loc     0x000035d2      0x1f8 ./emlib/em_i2c.o
 .debug_loc     0x000037ca      0x3b8 ./emlib/em_lcd.o
 .debug_loc     0x00003b82      0x494 ./emlib/em_lesense.o
 .debug_loc     0x00004016      0x1c0 ./emlib/em_letimer.o
 .debug_loc     0x000041d6      0x310 ./emlib/em_leuart.o
 .debug_loc     0x000044e6      0x1a8 ./emlib/em_rtc.o
 .debug_loc     0x0000468e       0x70 ./emlib/em_system.o
 .debug_loc     0x000046fe      0x214 ./CMSIS/efm32lg/system_efm32lg.o

.debug_aranges  0x00000000      0xe28
 .debug_aranges
                0x00000000       0x48 ./src/BME280.o
 .debug_aranges
                0x00000048       0x40 ./src/GPIO.o
 .debug_aranges
                0x00000088       0x40 ./src/LCD.o
 .debug_aranges
                0x000000c8       0x98 ./src/LETimer.o
 .debug_aranges
                0x00000160       0xb0 ./src/LSM303C.o
 .debug_aranges
                0x00000210       0x40 ./src/acmp.o
 .debug_aranges
                0x00000250       0x20 ./src/adc.o
 .debug_aranges
                0x00000270       0x28 ./src/calibration.o
 .debug_aranges
                0x00000298       0xa0 ./src/captouch.o
 .debug_aranges
                0x00000338       0x48 ./src/clock.o
 .debug_aranges
                0x00000380       0x28 ./src/dma.o
 .debug_aranges
                0x000003a8       0x18 ./src/dmactrl.o
 .debug_aranges
                0x000003c0       0x70 ./src/gesture.o
 .debug_aranges
                0x00000430       0x48 ./src/i2c.o
 .debug_aranges
                0x00000478       0x60 ./src/leuart.o
 .debug_aranges
                0x000004d8       0x28 ./src/main.o
 .debug_aranges
                0x00000500       0x58 ./src/rtc.o
 .debug_aranges
                0x00000558       0xc0 ./src/segmentlcd.o
 .debug_aranges
                0x00000618       0x48 ./src/sleep.o
 .debug_aranges
                0x00000660       0x68 ./emlib/em_acmp.o
 .debug_aranges
                0x000006c8       0x50 ./emlib/em_adc.o
 .debug_aranges
                0x00000718      0x168 ./emlib/em_cmu.o
 .debug_aranges
                0x00000880       0xc0 ./emlib/em_dma.o
 .debug_aranges
                0x00000940       0xa8 ./emlib/em_emu.o
 .debug_aranges
                0x000009e8       0x70 ./emlib/em_gpio.o
 .debug_aranges
                0x00000a58       0x60 ./emlib/em_i2c.o
 .debug_aranges
                0x00000ab8       0x18 ./emlib/em_int.o
 .debug_aranges
                0x00000ad0       0xa0 ./emlib/em_lcd.o
 .debug_aranges
                0x00000b70       0xc8 ./emlib/em_lesense.o
 .debug_aranges
                0x00000c38       0x58 ./emlib/em_letimer.o
 .debug_aranges
                0x00000c90       0x88 ./emlib/em_leuart.o
 .debug_aranges
                0x00000d18       0x58 ./emlib/em_rtc.o
 .debug_aranges
                0x00000d70       0x28 ./emlib/em_system.o
 .debug_aranges
                0x00000d98       0x20 ./CMSIS/efm32lg/startup_gcc_efm32lg.o
 .debug_aranges
                0x00000db8       0x70 ./CMSIS/efm32lg/system_efm32lg.o

.debug_ranges   0x00000000      0xbd8
 .debug_ranges  0x00000000       0x38 ./src/BME280.o
 .debug_ranges  0x00000038       0x30 ./src/GPIO.o
 .debug_ranges  0x00000068       0x30 ./src/LCD.o
 .debug_ranges  0x00000098       0x88 ./src/LETimer.o
 .debug_ranges  0x00000120       0xa0 ./src/LSM303C.o
 .debug_ranges  0x000001c0       0x30 ./src/acmp.o
 .debug_ranges  0x000001f0       0x10 ./src/adc.o
 .debug_ranges  0x00000200       0x18 ./src/calibration.o
 .debug_ranges  0x00000218       0x90 ./src/captouch.o
 .debug_ranges  0x000002a8       0x38 ./src/clock.o
 .debug_ranges  0x000002e0       0x18 ./src/dma.o
 .debug_ranges  0x000002f8       0x60 ./src/gesture.o
 .debug_ranges  0x00000358       0x38 ./src/i2c.o
 .debug_ranges  0x00000390       0x50 ./src/leuart.o
 .debug_ranges  0x000003e0       0x18 ./src/main.o
 .debug_ranges  0x000003f8       0x48 ./src/rtc.o
 .debug_ranges  0x00000440       0xb0 ./src/segmentlcd.o
 .debug_ranges  0x000004f0       0x38 ./src/sleep.o
 .debug_ranges  0x00000528       0x58 ./emlib/em_acmp.o
 .debug_ranges  0x00000580       0x40 ./emlib/em_adc.o
 .debug_ranges  0x000005c0      0x158 ./emlib/em_cmu.o
 .debug_ranges  0x00000718       0xb0 ./emlib/em_dma.o
 .debug_ranges  0x000007c8       0x98 ./emlib/em_emu.o
 .debug_ranges  0x00000860       0x60 ./emlib/em_gpio.o
 .debug_ranges  0x000008c0       0x50 ./emlib/em_i2c.o
 .debug_ranges  0x00000910       0x90 ./emlib/em_lcd.o
 .debug_ranges  0x000009a0       0xb8 ./emlib/em_lesense.o
 .debug_ranges  0x00000a58       0x48 ./emlib/em_letimer.o
 .debug_ranges  0x00000aa0       0x78 ./emlib/em_leuart.o
 .debug_ranges  0x00000b18       0x48 ./emlib/em_rtc.o
 .debug_ranges  0x00000b60       0x18 ./emlib/em_system.o
 .debug_ranges  0x00000b78       0x60 ./CMSIS/efm32lg/system_efm32lg.o

.debug_line     0x00000000     0x6ed0
 .debug_line    0x00000000      0x15f ./src/BME280.o
 .debug_line    0x0000015f      0x2b4 ./src/GPIO.o
 .debug_line    0x00000413      0x228 ./src/LCD.o
 .debug_line    0x0000063b      0x5b4 ./src/LETimer.o
 .debug_line    0x00000bef      0x2ff ./src/LSM303C.o
 .debug_line    0x00000eee      0x287 ./src/acmp.o
 .debug_line    0x00001175      0x204 ./src/adc.o
 .debug_line    0x00001379       0xe9 ./src/calibration.o
 .debug_line    0x00001462      0x496 ./src/captouch.o
 .debug_line    0x000018f8      0x2bb ./src/clock.o
 .debug_line    0x00001bb3      0x290 ./src/dma.o
 .debug_line    0x00001e43      0x16f ./src/dmactrl.o
 .debug_line    0x00001fb2      0x50f ./src/gesture.o
 .debug_line    0x000024c1      0x2c2 ./src/i2c.o
 .debug_line    0x00002783      0x2f2 ./src/leuart.o
 .debug_line    0x00002a75      0x1ef ./src/main.o
 .debug_line    0x00002c64      0x2a7 ./src/rtc.o
 .debug_line    0x00002f0b      0x5b7 ./src/segmentlcd.o
 .debug_line    0x000034c2      0x20b ./src/sleep.o
 .debug_line    0x000036cd      0x32e ./emlib/em_acmp.o
 .debug_line    0x000039fb      0x2ec ./emlib/em_adc.o
 .debug_line    0x00003ce7      0x930 ./emlib/em_cmu.o
 .debug_line    0x00004617      0x4bc ./emlib/em_dma.o
 .debug_line    0x00004ad3      0x47d ./emlib/em_emu.o
 .debug_line    0x00004f50      0x348 ./emlib/em_gpio.o
 .debug_line    0x00005298      0x3b3 ./emlib/em_i2c.o
 .debug_line    0x0000564b       0xf6 ./emlib/em_int.o
 .debug_line    0x00005741      0x401 ./emlib/em_lcd.o
 .debug_line    0x00005b42      0x5cb ./emlib/em_lesense.o
 .debug_line    0x0000610d      0x2d7 ./emlib/em_letimer.o
 .debug_line    0x000063e4      0x360 ./emlib/em_leuart.o
 .debug_line    0x00006744      0x28f ./emlib/em_rtc.o
 .debug_line    0x000069d3      0x213 ./emlib/em_system.o
 .debug_line    0x00006be6       0x72 ./CMSIS/efm32lg/startup_gcc_efm32lg.o
 .debug_line    0x00006c58      0x278 ./CMSIS/efm32lg/system_efm32lg.o

.debug_str      0x00000000     0x677d
 .debug_str     0x00000000      0x2d6 ./src/BME280.o
                                0x331 (size before relaxing)
 .debug_str     0x000002d6      0x5fd ./src/GPIO.o
                                0x7d2 (size before relaxing)
 .debug_str     0x000008d3      0x278 ./src/LCD.o
                                0x48b (size before relaxing)
 .debug_str     0x00000b4b      0xc26 ./src/LETimer.o
                               0x12ca (size before relaxing)
 .debug_str     0x00001771      0x754 ./src/LSM303C.o
                                0x99b (size before relaxing)
 .debug_str     0x00001ec5      0x11e ./src/acmp.o
                                0x820 (size before relaxing)
 .debug_str     0x00001fe3      0x5ee ./src/adc.o
                                0xaee (size before relaxing)
 .debug_str     0x000025d1       0x27 ./src/calibration.o
                                0x254 (size before relaxing)
 .debug_str     0x000025f8      0xd36 ./src/captouch.o
                               0x19d4 (size before relaxing)
 .debug_str     0x0000332e      0x258 ./src/clock.o
                                0x906 (size before relaxing)
 .debug_str     0x00003586      0x2a6 ./src/dma.o
                                0x76d (size before relaxing)
 .debug_str     0x0000382c       0x11 ./src/dmactrl.o
                                0x228 (size before relaxing)
 .debug_str     0x0000383d      0x253 ./src/gesture.o
                                0x7e7 (size before relaxing)
 .debug_str     0x00003a90      0x292 ./src/i2c.o
                                0x78c (size before relaxing)
 .debug_str     0x00003d22      0x223 ./src/leuart.o
                                0xb47 (size before relaxing)
 .debug_str     0x00003f45       0x58 ./src/main.o
                                0x327 (size before relaxing)
 .debug_str     0x00003f9d       0x8c ./src/rtc.o
                                0x848 (size before relaxing)
 .debug_str     0x00004029      0x6ca ./src/segmentlcd.o
                                0xdc3 (size before relaxing)
 .debug_str     0x000046f3       0xad ./src/sleep.o
                                0x305 (size before relaxing)
 .debug_str     0x000047a0       0xe0 ./emlib/em_acmp.o
                                0x653 (size before relaxing)
 .debug_str     0x00004880      0x145 ./emlib/em_adc.o
                                0xbcb (size before relaxing)
 .debug_str     0x000049c5      0x854 ./emlib/em_cmu.o
                                0xfae (size before relaxing)
 .debug_str     0x00005219      0x3ab ./emlib/em_dma.o
                                0xd6a (size before relaxing)
 .debug_str     0x000055c4      0x400 ./emlib/em_emu.o
                                0x83e (size before relaxing)
 .debug_str     0x000059c4       0xdf ./emlib/em_gpio.o
                                0x5f6 (size before relaxing)
 .debug_str     0x00005aa3      0x1c3 ./emlib/em_i2c.o
                                0x7ed (size before relaxing)
 .debug_str     0x00005c66       0x12 ./emlib/em_int.o
                                0x1f6 (size before relaxing)
 .debug_str     0x00005c78      0x208 ./emlib/em_lcd.o
                                0x8ef (size before relaxing)
 .debug_str     0x00005e80      0x53d ./emlib/em_lesense.o
                               0x1598 (size before relaxing)
 .debug_str     0x000063bd       0xb3 ./emlib/em_letimer.o
                                0x438 (size before relaxing)
 .debug_str     0x00006470      0x116 ./emlib/em_leuart.o
                                0x76f (size before relaxing)
 .debug_str     0x00006586       0x70 ./emlib/em_rtc.o
                                0x2dc (size before relaxing)
 .debug_str     0x000065f6       0x7b ./emlib/em_system.o
                                0x2c8 (size before relaxing)
 .debug_str     0x00006671      0x10c ./CMSIS/efm32lg/system_efm32lg.o
                                0x4a5 (size before relaxing)

.debug_frame    0x00000000     0x2d64
 .debug_frame   0x00000000       0xdc ./src/BME280.o
 .debug_frame   0x000000dc       0xa4 ./src/GPIO.o
 .debug_frame   0x00000180       0xa0 ./src/LCD.o
 .debug_frame   0x00000220      0x1e0 ./src/LETimer.o
 .debug_frame   0x00000400      0x264 ./src/LSM303C.o
 .debug_frame   0x00000664       0x98 ./src/acmp.o
 .debug_frame   0x000006fc       0x30 ./src/adc.o
 .debug_frame   0x0000072c       0x50 ./src/calibration.o
 .debug_frame   0x0000077c      0x200 ./src/captouch.o
 .debug_frame   0x0000097c       0xbc ./src/clock.o
 .debug_frame   0x00000a38       0x50 ./src/dma.o
 .debug_frame   0x00000a88      0x160 ./src/gesture.o
 .debug_frame   0x00000be8       0xc0 ./src/i2c.o
 .debug_frame   0x00000ca8      0x110 ./src/leuart.o
 .debug_frame   0x00000db8       0x50 ./src/main.o
 .debug_frame   0x00000e08       0xec ./src/rtc.o
 .debug_frame   0x00000ef4      0x28c ./src/segmentlcd.o
 .debug_frame   0x00001180       0xb8 ./src/sleep.o
 .debug_frame   0x00001238      0x138 ./emlib/em_acmp.o
 .debug_frame   0x00001370       0xec ./emlib/em_adc.o
 .debug_frame   0x0000145c      0x4dc ./emlib/em_cmu.o
 .debug_frame   0x00001938      0x27c ./emlib/em_dma.o
 .debug_frame   0x00001bb4      0x210 ./emlib/em_emu.o
 .debug_frame   0x00001dc4      0x154 ./emlib/em_gpio.o
 .debug_frame   0x00001f18      0x120 ./emlib/em_i2c.o
 .debug_frame   0x00002038      0x1fc ./emlib/em_lcd.o
 .debug_frame   0x00002234      0x284 ./emlib/em_lesense.o
 .debug_frame   0x000024b8       0xf4 ./emlib/em_letimer.o
 .debug_frame   0x000025ac      0x1bc ./emlib/em_leuart.o
 .debug_frame   0x00002768       0xf0 ./emlib/em_rtc.o
 .debug_frame   0x00002858       0x48 ./emlib/em_system.o
 .debug_frame   0x000028a0      0x138 ./CMSIS/efm32lg/system_efm32lg.o
 .debug_frame   0x000029d8       0x38 c:/siliconlabs/simplicitystudio/v3/developer/toolchains/gnu_arm/4.8_2013q4/bin/../lib/gcc/arm-none-eabi/4.8.3/../../../../arm-none-eabi/lib/armv7-m\libm.a(lib_a-w_pow.o)
 .debug_frame   0x00002a10       0x38 c:/siliconlabs/simplicitystudio/v3/developer/toolchains/gnu_arm/4.8_2013q4/bin/../lib/gcc/arm-none-eabi/4.8.3/../../../../arm-none-eabi/lib/armv7-m\libm.a(lib_a-e_pow.o)
 .debug_frame   0x00002a48       0x34 c:/siliconlabs/simplicitystudio/v3/developer/toolchains/gnu_arm/4.8_2013q4/bin/../lib/gcc/arm-none-eabi/4.8.3/../../../../arm-none-eabi/lib/armv7-m\libm.a(lib_a-e_sqrt.o)
 .debug_frame   0x00002a7c       0x20 c:/siliconlabs/simplicitystudio/v3/developer/toolchains/gnu_arm/4.8_2013q4/bin/../lib/gcc/arm-none-eabi/4.8.3/../../../../arm-none-eabi/lib/armv7-m\libm.a(lib_a-s_fabs.o)
 .debug_frame   0x00002a9c       0x20 c:/siliconlabs/simplicitystudio/v3/developer/toolchains/gnu_arm/4.8_2013q4/bin/../lib/gcc/arm-none-eabi/4.8.3/../../../../arm-none-eabi/lib/armv7-m\libm.a(lib_a-s_finite.o)
 .debug_frame   0x00002abc       0x28 c:/siliconlabs/simplicitystudio/v3/developer/toolchains/gnu_arm/4.8_2013q4/bin/../lib/gcc/arm-none-eabi/4.8.3/../../../../arm-none-eabi/lib/armv7-m\libm.a(lib_a-s_fpclassify.o)
 .debug_frame   0x00002ae4       0x20 c:/siliconlabs/simplicitystudio/v3/developer/toolchains/gnu_arm/4.8_2013q4/bin/../lib/gcc/arm-none-eabi/4.8.3/../../../../arm-none-eabi/lib/armv7-m\libm.a(lib_a-s_matherr.o)
 .debug_frame   0x00002b04       0x20 c:/siliconlabs/simplicitystudio/v3/developer/toolchains/gnu_arm/4.8_2013q4/bin/../lib/gcc/arm-none-eabi/4.8.3/../../../../arm-none-eabi/lib/armv7-m\libm.a(lib_a-s_nan.o)
 .debug_frame   0x00002b24       0x34 c:/siliconlabs/simplicitystudio/v3/developer/toolchains/gnu_arm/4.8_2013q4/bin/../lib/gcc/arm-none-eabi/4.8.3/../../../../arm-none-eabi/lib/armv7-m\libm.a(lib_a-s_rint.o)
 .debug_frame   0x00002b58       0x30 c:/siliconlabs/simplicitystudio/v3/developer/toolchains/gnu_arm/4.8_2013q4/bin/../lib/gcc/arm-none-eabi/4.8.3/../../../../arm-none-eabi/lib/armv7-m\libm.a(lib_a-s_scalbn.o)
 .debug_frame   0x00002b88       0x28 c:/siliconlabs/simplicitystudio/v3/developer/toolchains/gnu_arm/4.8_2013q4/bin/../lib/gcc/arm-none-eabi/4.8.3/../../../../arm-none-eabi/lib/armv7-m\libm.a(lib_a-s_copysign.o)
 .debug_frame   0x00002bb0       0x58 c:/siliconlabs/simplicitystudio/v3/developer/toolchains/gnu_arm/4.8_2013q4/bin/../lib/gcc/arm-none-eabi/4.8.3/armv7-m\libgcc.a(bpabi.o)
 .debug_frame   0x00002c08       0x34 c:/siliconlabs/simplicitystudio/v3/developer/toolchains/gnu_arm/4.8_2013q4/bin/../lib/gcc/arm-none-eabi/4.8.3/armv7-m\libgcc.a(_divdi3.o)